INFO: [Common 17-3922] A valid Vivado Design Suite BASIC license has been detected. Your current license is active and will expire on 08-aug-2027.
#-----------------------------------------------------------
# Vivado v2026.1 (64-bit)
# SW Build 6511674 on Tue Jun 16 11:01:26 MDT 2026
# IP Build 6504888 on Tue Jun 09 09:05:25 MDT 2026
# SharedData Build 6501428 on Mon Jun 08 17:34:18 MDT 2026
# Start of session at: Sun Aug  9 20:25:25 2026
# Process ID         : 12040
# Current directory  : /home/alexander-armitage/Documents/GitHub/AURA-FPGA
# Command line       : vivado -mode batch -source Vivado/scripts/Build.tcl
# Log file           : /home/alexander-armitage/Documents/GitHub/AURA-FPGA/vivado.log
# Journal file       : /home/alexander-armitage/Documents/GitHub/AURA-FPGA/vivado.jou
# Running On         : alexander-armitage-XPS-9320
# Platform           : Ubuntu
# Operating System   : Ubuntu 26.04 LTS
# Processor Detail   : 13th Gen Intel(R) Core(TM) i7-1360P
# CPU Frequency      : 400.110 MHz
# CPU Physical cores : 12
# CPU Logical cores  : 16
# Host memory        : 32703 MB
# Swap memory        : 8589 MB
# Total Virtual      : 41293 MB
# Available Virtual  : 38722 MB
#-----------------------------------------------------------
source Vivado/scripts/Build.tcl
# set project_name "System_Design"
# set part "xc7a35tftg256-2"
# set jobs 8
# set script_dir [file dirname [file normalize [info script]]]
# set vivado_dir [file normalize "$script_dir/.."]
# set root_dir [file normalize "$vivado_dir/.."]
# set build_dir "$vivado_dir/build"
# set rtl_dir         "$root_dir/rtl"
# set constraints_dir "$vivado_dir/constraints"
# set bd_script       "$vivado_dir/bd/System.tcl"
# puts ""

# puts "============================================================"
============================================================
# puts " Vivado Build"
 Vivado Build
# puts "============================================================"
============================================================
# puts ""

# puts "Project:       $project_name"
Project:       System_Design
# puts "Part:          $part"
Part:          xc7a35tftg256-2
# puts ""

# puts "Repository:    $root_dir"
Repository:    /home/alexander-armitage/Documents/GitHub/AURA-FPGA
# puts "Vivado:        $vivado_dir"
Vivado:        /home/alexander-armitage/Documents/GitHub/AURA-FPGA/Vivado
# puts "RTL:           $rtl_dir"
RTL:           /home/alexander-armitage/Documents/GitHub/AURA-FPGA/rtl
# puts "Constraints:   $constraints_dir"
Constraints:   /home/alexander-armitage/Documents/GitHub/AURA-FPGA/Vivado/constraints
# puts "Block Design:  $bd_script"
Block Design:  /home/alexander-armitage/Documents/GitHub/AURA-FPGA/Vivado/bd/System.tcl
# puts "Build:         $build_dir"
Build:         /home/alexander-armitage/Documents/GitHub/AURA-FPGA/Vivado/build
# puts ""

# puts "============================================================"
============================================================
# puts ""

# if {![file exists $rtl_dir]} {
#     error "RTL directory does not exist: $rtl_dir"
# }
RTL directory does not exist: /home/alexander-armitage/Documents/GitHub/AURA-FPGA/rtl
    while executing
"error "RTL directory does not exist: $rtl_dir""
    invoked from within
"if {![file exists $rtl_dir]} {
    error "RTL directory does not exist: $rtl_dir"
}"
    (file "Vivado/scripts/Build.tcl" line 74)
INFO: [Common 17-206] Exiting Vivado at Sun Aug  9 20:25:28 2026...
