INFO: [Common 17-3922] A valid Vivado Design Suite BASIC license has been detected. Your current license is active and will expire on 08-aug-2027.
#-----------------------------------------------------------
# Vivado v2026.1 (64-bit)
# SW Build 6511674 on Tue Jun 16 11:01:26 MDT 2026
# IP Build 6504888 on Tue Jun 09 09:05:25 MDT 2026
# SharedData Build 6501428 on Mon Jun 08 17:34:18 MDT 2026
# Start of session at: Sun Aug  9 20:26:25 2026
# Process ID         : 12182
# Current directory  : /home/alexander-armitage/Documents/GitHub/AURA-FPGA
# Command line       : vivado -mode batch -source Vivado/scripts/Build.tcl
# Log file           : /home/alexander-armitage/Documents/GitHub/AURA-FPGA/vivado.log
# Journal file       : /home/alexander-armitage/Documents/GitHub/AURA-FPGA/vivado.jou
# Running On         : alexander-armitage-XPS-9320
# Platform           : Ubuntu
# Operating System   : Ubuntu 26.04 LTS
# Processor Detail   : 13th Gen Intel(R) Core(TM) i7-1360P
# CPU Frequency      : 487.363 MHz
# CPU Physical cores : 12
# CPU Logical cores  : 16
# Host memory        : 32703 MB
# Swap memory        : 8589 MB
# Total Virtual      : 41293 MB
# Available Virtual  : 38710 MB
#-----------------------------------------------------------
source Vivado/scripts/Build.tcl
# set project_name "System_Design"
# set part "xc7a35tftg256-2"
# set jobs 8
# set script_dir [file dirname [file normalize [info script]]]
# set vivado_dir [file normalize "$script_dir/.."]
# set root_dir [file normalize "$vivado_dir/.."]
# set build_dir "$vivado_dir/build"
# set rtl_dir         "$root_dir/rtl"
# set constraints_dir "$vivado_dir/constraints"
# set bd_script       "$vivado_dir/bd/System.tcl"
# puts ""

# puts "============================================================"
============================================================
# puts " Vivado Build"
 Vivado Build
# puts "============================================================"
============================================================
# puts ""

# puts "Project:       $project_name"
Project:       System_Design
# puts "Part:          $part"
Part:          xc7a35tftg256-2
# puts ""

# puts "Repository:    $root_dir"
Repository:    /home/alexander-armitage/Documents/GitHub/AURA-FPGA
# puts "Vivado:        $vivado_dir"
Vivado:        /home/alexander-armitage/Documents/GitHub/AURA-FPGA/Vivado
# puts "RTL:           $rtl_dir"
RTL:           /home/alexander-armitage/Documents/GitHub/AURA-FPGA/rtl
# puts "Constraints:   $constraints_dir"
Constraints:   /home/alexander-armitage/Documents/GitHub/AURA-FPGA/Vivado/constraints
# puts "Block Design:  $bd_script"
Block Design:  /home/alexander-armitage/Documents/GitHub/AURA-FPGA/Vivado/bd/System.tcl
# puts "Build:         $build_dir"
Build:         /home/alexander-armitage/Documents/GitHub/AURA-FPGA/Vivado/build
# puts ""

# puts "============================================================"
============================================================
# puts ""

# if {![file exists $rtl_dir]} {
#     error "RTL directory does not exist: $rtl_dir"
# }
# if {![file exists $constraints_dir]} {
#     error "Constraints directory does not exist: $constraints_dir"
# }
# if {![file exists $bd_script]} {
#     error "Block Design script does not exist: $bd_script"
# }
# puts "Cleaning previous build..."
Cleaning previous build...
# if {[file exists $build_dir]} {
#     file delete -force $build_dir
# }
# file mkdir $build_dir
# puts ""

# puts "Creating Vivado project..."
Creating Vivado project...
# create_project \
#     $project_name \
#     "$build_dir/$project_name" \
#     -part $part \
#     -force
# puts ""

# puts "Adding RTL..."
Adding RTL...
# set rtl_files [glob -nocomplain \
#     -directory $rtl_dir \
#     -types f \
#     *]
# foreach file $rtl_files {
#     puts "  Adding RTL: $file"
#     add_files -norecurse $file
# }
# puts ""

# puts "Adding constraints..."
Adding constraints...
# set constraint_files [glob -nocomplain \
#     -directory $constraints_dir \
#     -types f \
#     *]
# foreach file $constraint_files {
#     puts "  Adding constraint: $file"
#     add_files \
#         -fileset constrs_1 \
#         -norecurse \
#         $file
# }
  Adding constraint: /home/alexander-armitage/Documents/GitHub/AURA-FPGA/Vivado/constraints/System.xdc
# puts ""

# puts "Creating Block Design from:"
Creating Block Design from:
# puts "  $bd_script"
  /home/alexander-armitage/Documents/GitHub/AURA-FPGA/Vivado/bd/System.tcl
# puts ""

# source $bd_script
## namespace eval _tcl {
## proc get_script_folder {} {
##    set script_path [file normalize [info script]]
##    set script_folder [file dirname $script_path]
##    return $script_folder
## }
## }
## variable script_folder
## set script_folder [_tcl::get_script_folder]
## set scripts_vivado_version 2025.1
## set current_vivado_version [version -short]
## if { [string first $scripts_vivado_version $current_vivado_version] == -1 } {
##    puts ""
##    if { [string compare $scripts_vivado_version $current_vivado_version] > 0 } {
##       catch {common::send_gid_msg -ssname BD::TCL -id 2042 -severity "ERROR" " This script was generated using Vivado <$scripts_vivado_version> and is being run in <$current_vivado_version> of Vivado. Sourcing the script failed since it was created with a future version of Vivado."}
## 
##    } else {
##      catch {common::send_gid_msg -ssname BD::TCL -id 2041 -severity "ERROR" "This script was generated using Vivado <$scripts_vivado_version> and is being run in <$current_vivado_version> of Vivado. Please run the script in Vivado <$scripts_vivado_version> then open the design in Vivado <$current_vivado_version>. Upgrade the design by running \"Tools => Report => Report IP Status...\", then run write_bd_tcl to create an updated script."}
## 
##    }
## 
##    return 1
## }

ERROR: [BD::TCL 103-2041] This script was generated using Vivado <2025.1> and is being run in <2026.1> of Vivado. Please run the script in Vivado <2025.1> then open the design in Vivado <2026.1>. Upgrade the design by running "Tools => Report => Report IP Status...", then run write_bd_tcl to create an updated script.
# puts ""

# puts "Locating Block Design..."
Locating Block Design...
# set bd_files [get_files -quiet "*.bd"]
# if {[llength $bd_files] == 0} {
#     error "No Block Design was created."
# }
No Block Design was created.
    while executing
"error "No Block Design was created.""
    invoked from within
"if {[llength $bd_files] == 0} {
    error "No Block Design was created."
}"
    (file "Vivado/scripts/Build.tcl" line 174)
INFO: [Common 17-206] Exiting Vivado at Sun Aug  9 20:26:31 2026...
