
*** Running vivado
    with args -log System_microblaze_0_axi_periph_imp_auto_pc_4.vds -m64 -product Vivado -mode batch -messageDb vivado.pb -notrace -source System_microblaze_0_axi_periph_imp_auto_pc_4.tcl

INFO: [Common 17-3922] A valid Vivado Design Suite BASIC license has been detected. Your current license is active and will expire on 08-aug-2027.
#-----------------------------------------------------------
# Vivado v2026.1 (64-bit)
# SW Build 6511674 on Tue Jun 16 11:01:26 MDT 2026
# IP Build 6504888 on Tue Jun 09 09:05:25 MDT 2026
# SharedData Build 6501428 on Mon Jun 08 17:34:18 MDT 2026
# Start of session at: Sun Aug  9 20:28:57 2026
# Process ID         : 13476
# Current directory  : /home/alexander-armitage/Documents/GitHub/AURA-FPGA/Vivado/build/System_Design/System_Design.runs/System_microblaze_0_axi_periph_imp_auto_pc_4_synth_1
# Command line       : vivado -log System_microblaze_0_axi_periph_imp_auto_pc_4.vds -product Vivado -mode batch -messageDb vivado.pb -notrace -source System_microblaze_0_axi_periph_imp_auto_pc_4.tcl
# Log file           : /home/alexander-armitage/Documents/GitHub/AURA-FPGA/Vivado/build/System_Design/System_Design.runs/System_microblaze_0_axi_periph_imp_auto_pc_4_synth_1/System_microblaze_0_axi_periph_imp_auto_pc_4.vds
# Journal file       : /home/alexander-armitage/Documents/GitHub/AURA-FPGA/Vivado/build/System_Design/System_Design.runs/System_microblaze_0_axi_periph_imp_auto_pc_4_synth_1/vivado.jou
# Running On         : alexander-armitage-XPS-9320
# Platform           : Ubuntu
# Operating System   : Ubuntu 26.04 LTS
# Processor Detail   : 13th Gen Intel(R) Core(TM) i7-1360P
# CPU Frequency      : 2200.000 MHz
# CPU Physical cores : 12
# CPU Logical cores  : 16
# Host memory        : 32703 MB
# Swap memory        : 8589 MB
# Total Virtual      : 41293 MB
# Available Virtual  : 36731 MB
#-----------------------------------------------------------

****** Vivado v2026.1 (64-bit)
  **** SW Build 6511674 on Tue Jun 16 11:01:26 MDT 2026
  **** IP Build 6504888 on Tue Jun 09 09:05:25 MDT 2026
  **** SharedData Build 6501428 on Mon Jun 08 17:34:18 MDT 2026
  **** Start of session at: Sun Aug  9 20:28:57 2026
    ** Copyright 1986-2022 Xilinx, Inc. All Rights Reserved.
    ** Copyright 2022-2026 Advanced Micro Devices, Inc. All Rights Reserved.

source System_microblaze_0_axi_periph_imp_auto_pc_4.tcl -notrace
create_project: Time (s): cpu = 00:00:19 ; elapsed = 00:00:06 . Memory (MB): peak = 1718.059 ; gain = 277.059 ; free physical = 17527 ; free virtual = 30876
Command: synth_design -top System_microblaze_0_axi_periph_imp_auto_pc_4 -part xc7a35tftg256-2 -incremental_mode off -mode out_of_context
Starting synth_design
Attempting to get a license for feature 'Vivado_Synthesis' and/or device 'xc7a35t'
INFO: [Common 17-349] Got license for feature 'Vivado_Synthesis' and/or device 'xc7a35t'
INFO: [Device 21-403] Loading part xc7a35tftg256-2
INFO: [Designutils 20-5008] Incremental synthesis strategy off
INFO: [Synth 8-7079] Multithreading enabled for synth_design using a maximum of 7 processes.
INFO: [Synth 8-7078] Launching helper process for spawning children vivado processes
INFO: [Synth 8-7075] Helper process launched with PID 14432
---------------------------------------------------------------------------------
Starting RTL Elaboration : Time (s): cpu = 00:00:08 ; elapsed = 00:00:09 . Memory (MB): peak = 2378.387 ; gain = 518.148 ; free physical = 10550 ; free virtual = 23861
---------------------------------------------------------------------------------
INFO: [Synth 8-6157] synthesizing module 'System_microblaze_0_axi_periph_imp_auto_pc_4' [/home/alexander-armitage/Documents/GitHub/AURA-FPGA/Vivado/build/System_Design/System_Design.gen/sources_1/bd/System/ip/System_microblaze_0_axi_periph_imp_auto_pc_4/synth/System_microblaze_0_axi_periph_imp_auto_pc_4.v:53]
INFO: [Synth 8-6157] synthesizing module 'axi_protocol_converter_v2_1_38_axi_protocol_converter' [/home/alexander-armitage/Documents/GitHub/AURA-FPGA/Vivado/build/System_Design/System_Design.gen/sources_1/bd/System/ipshared/b706/hdl/axi_protocol_converter_v2_1_vl_rfs.v:5285]
INFO: [Synth 8-6157] synthesizing module 'axi_protocol_converter_v2_1_38_b2s' [/home/alexander-armitage/Documents/GitHub/AURA-FPGA/Vivado/build/System_Design/System_Design.gen/sources_1/bd/System/ipshared/b706/hdl/axi_protocol_converter_v2_1_vl_rfs.v:4704]
INFO: [Synth 8-6157] synthesizing module 'axi_protocol_converter_v2_1_38_b2s_aw_channel' [/home/alexander-armitage/Documents/GitHub/AURA-FPGA/Vivado/build/System_Design/System_Design.gen/sources_1/bd/System/ipshared/b706/hdl/axi_protocol_converter_v2_1_vl_rfs.v:4360]
INFO: [Synth 8-6157] synthesizing module 'axi_protocol_converter_v2_1_38_b2s_cmd_translator' [/home/alexander-armitage/Documents/GitHub/AURA-FPGA/Vivado/build/System_Design/System_Design.gen/sources_1/bd/System/ipshared/b706/hdl/axi_protocol_converter_v2_1_vl_rfs.v:3720]
INFO: [Synth 8-6157] synthesizing module 'axi_protocol_converter_v2_1_38_b2s_incr_cmd' [/home/alexander-armitage/Documents/GitHub/AURA-FPGA/Vivado/build/System_Design/System_Design.gen/sources_1/bd/System/ipshared/b706/hdl/axi_protocol_converter_v2_1_vl_rfs.v:3216]
INFO: [Synth 8-6155] done synthesizing module 'axi_protocol_converter_v2_1_38_b2s_incr_cmd' (0#1) [/home/alexander-armitage/Documents/GitHub/AURA-FPGA/Vivado/build/System_Design/System_Design.gen/sources_1/bd/System/ipshared/b706/hdl/axi_protocol_converter_v2_1_vl_rfs.v:3216]
INFO: [Synth 8-6157] synthesizing module 'axi_protocol_converter_v2_1_38_b2s_wrap_cmd' [/home/alexander-armitage/Documents/GitHub/AURA-FPGA/Vivado/build/System_Design/System_Design.gen/sources_1/bd/System/ipshared/b706/hdl/axi_protocol_converter_v2_1_vl_rfs.v:2982]
INFO: [Synth 8-6155] done synthesizing module 'axi_protocol_converter_v2_1_38_b2s_wrap_cmd' (0#1) [/home/alexander-armitage/Documents/GitHub/AURA-FPGA/Vivado/build/System_Design/System_Design.gen/sources_1/bd/System/ipshared/b706/hdl/axi_protocol_converter_v2_1_vl_rfs.v:2982]
INFO: [Synth 8-6155] done synthesizing module 'axi_protocol_converter_v2_1_38_b2s_cmd_translator' (0#1) [/home/alexander-armitage/Documents/GitHub/AURA-FPGA/Vivado/build/System_Design/System_Design.gen/sources_1/bd/System/ipshared/b706/hdl/axi_protocol_converter_v2_1_vl_rfs.v:3720]
INFO: [Synth 8-6157] synthesizing module 'axi_protocol_converter_v2_1_38_b2s_wr_cmd_fsm' [/home/alexander-armitage/Documents/GitHub/AURA-FPGA/Vivado/build/System_Design/System_Design.gen/sources_1/bd/System/ipshared/b706/hdl/axi_protocol_converter_v2_1_vl_rfs.v:3392]
INFO: [Synth 8-226] default block is never used [/home/alexander-armitage/Documents/GitHub/AURA-FPGA/Vivado/build/System_Design/System_Design.gen/sources_1/bd/System/ipshared/b706/hdl/axi_protocol_converter_v2_1_vl_rfs.v:3446]
INFO: [Synth 8-6155] done synthesizing module 'axi_protocol_converter_v2_1_38_b2s_wr_cmd_fsm' (0#1) [/home/alexander-armitage/Documents/GitHub/AURA-FPGA/Vivado/build/System_Design/System_Design.gen/sources_1/bd/System/ipshared/b706/hdl/axi_protocol_converter_v2_1_vl_rfs.v:3392]
INFO: [Synth 8-6155] done synthesizing module 'axi_protocol_converter_v2_1_38_b2s_aw_channel' (0#1) [/home/alexander-armitage/Documents/GitHub/AURA-FPGA/Vivado/build/System_Design/System_Design.gen/sources_1/bd/System/ipshared/b706/hdl/axi_protocol_converter_v2_1_vl_rfs.v:4360]
INFO: [Synth 8-6157] synthesizing module 'axi_protocol_converter_v2_1_38_b2s_b_channel' [/home/alexander-armitage/Documents/GitHub/AURA-FPGA/Vivado/build/System_Design/System_Design.gen/sources_1/bd/System/ipshared/b706/hdl/axi_protocol_converter_v2_1_vl_rfs.v:3906]
INFO: [Synth 8-6157] synthesizing module 'axi_protocol_converter_v2_1_38_b2s_simple_fifo' [/home/alexander-armitage/Documents/GitHub/AURA-FPGA/Vivado/build/System_Design/System_Design.gen/sources_1/bd/System/ipshared/b706/hdl/axi_protocol_converter_v2_1_vl_rfs.v:2852]
INFO: [Synth 8-6155] done synthesizing module 'axi_protocol_converter_v2_1_38_b2s_simple_fifo' (0#1) [/home/alexander-armitage/Documents/GitHub/AURA-FPGA/Vivado/build/System_Design/System_Design.gen/sources_1/bd/System/ipshared/b706/hdl/axi_protocol_converter_v2_1_vl_rfs.v:2852]
INFO: [Synth 8-6157] synthesizing module 'axi_protocol_converter_v2_1_38_b2s_simple_fifo__parameterized0' [/home/alexander-armitage/Documents/GitHub/AURA-FPGA/Vivado/build/System_Design/System_Design.gen/sources_1/bd/System/ipshared/b706/hdl/axi_protocol_converter_v2_1_vl_rfs.v:2852]
INFO: [Synth 8-6155] done synthesizing module 'axi_protocol_converter_v2_1_38_b2s_simple_fifo__parameterized0' (0#1) [/home/alexander-armitage/Documents/GitHub/AURA-FPGA/Vivado/build/System_Design/System_Design.gen/sources_1/bd/System/ipshared/b706/hdl/axi_protocol_converter_v2_1_vl_rfs.v:2852]
INFO: [Synth 8-6155] done synthesizing module 'axi_protocol_converter_v2_1_38_b2s_b_channel' (0#1) [/home/alexander-armitage/Documents/GitHub/AURA-FPGA/Vivado/build/System_Design/System_Design.gen/sources_1/bd/System/ipshared/b706/hdl/axi_protocol_converter_v2_1_vl_rfs.v:3906]
INFO: [Synth 8-6157] synthesizing module 'axi_protocol_converter_v2_1_38_b2s_ar_channel' [/home/alexander-armitage/Documents/GitHub/AURA-FPGA/Vivado/build/System_Design/System_Design.gen/sources_1/bd/System/ipshared/b706/hdl/axi_protocol_converter_v2_1_vl_rfs.v:4516]
INFO: [Synth 8-6157] synthesizing module 'axi_protocol_converter_v2_1_38_b2s_rd_cmd_fsm' [/home/alexander-armitage/Documents/GitHub/AURA-FPGA/Vivado/build/System_Design/System_Design.gen/sources_1/bd/System/ipshared/b706/hdl/axi_protocol_converter_v2_1_vl_rfs.v:3546]
INFO: [Synth 8-226] default block is never used [/home/alexander-armitage/Documents/GitHub/AURA-FPGA/Vivado/build/System_Design/System_Design.gen/sources_1/bd/System/ipshared/b706/hdl/axi_protocol_converter_v2_1_vl_rfs.v:3608]
INFO: [Synth 8-6155] done synthesizing module 'axi_protocol_converter_v2_1_38_b2s_rd_cmd_fsm' (0#1) [/home/alexander-armitage/Documents/GitHub/AURA-FPGA/Vivado/build/System_Design/System_Design.gen/sources_1/bd/System/ipshared/b706/hdl/axi_protocol_converter_v2_1_vl_rfs.v:3546]
INFO: [Synth 8-6155] done synthesizing module 'axi_protocol_converter_v2_1_38_b2s_ar_channel' (0#1) [/home/alexander-armitage/Documents/GitHub/AURA-FPGA/Vivado/build/System_Design/System_Design.gen/sources_1/bd/System/ipshared/b706/hdl/axi_protocol_converter_v2_1_vl_rfs.v:4516]
INFO: [Synth 8-6157] synthesizing module 'axi_protocol_converter_v2_1_38_b2s_r_channel' [/home/alexander-armitage/Documents/GitHub/AURA-FPGA/Vivado/build/System_Design/System_Design.gen/sources_1/bd/System/ipshared/b706/hdl/axi_protocol_converter_v2_1_vl_rfs.v:4155]
INFO: [Synth 8-6157] synthesizing module 'axi_protocol_converter_v2_1_38_b2s_simple_fifo__parameterized1' [/home/alexander-armitage/Documents/GitHub/AURA-FPGA/Vivado/build/System_Design/System_Design.gen/sources_1/bd/System/ipshared/b706/hdl/axi_protocol_converter_v2_1_vl_rfs.v:2852]
INFO: [Synth 8-6155] done synthesizing module 'axi_protocol_converter_v2_1_38_b2s_simple_fifo__parameterized1' (0#1) [/home/alexander-armitage/Documents/GitHub/AURA-FPGA/Vivado/build/System_Design/System_Design.gen/sources_1/bd/System/ipshared/b706/hdl/axi_protocol_converter_v2_1_vl_rfs.v:2852]
INFO: [Synth 8-6157] synthesizing module 'axi_protocol_converter_v2_1_38_b2s_simple_fifo__parameterized2' [/home/alexander-armitage/Documents/GitHub/AURA-FPGA/Vivado/build/System_Design/System_Design.gen/sources_1/bd/System/ipshared/b706/hdl/axi_protocol_converter_v2_1_vl_rfs.v:2852]
INFO: [Synth 8-6155] done synthesizing module 'axi_protocol_converter_v2_1_38_b2s_simple_fifo__parameterized2' (0#1) [/home/alexander-armitage/Documents/GitHub/AURA-FPGA/Vivado/build/System_Design/System_Design.gen/sources_1/bd/System/ipshared/b706/hdl/axi_protocol_converter_v2_1_vl_rfs.v:2852]
INFO: [Synth 8-6155] done synthesizing module 'axi_protocol_converter_v2_1_38_b2s_r_channel' (0#1) [/home/alexander-armitage/Documents/GitHub/AURA-FPGA/Vivado/build/System_Design/System_Design.gen/sources_1/bd/System/ipshared/b706/hdl/axi_protocol_converter_v2_1_vl_rfs.v:4155]
INFO: [Synth 8-6157] synthesizing module 'axi_register_slice_v2_1_37_axi_register_slice' [/home/alexander-armitage/Documents/GitHub/AURA-FPGA/Vivado/build/System_Design/System_Design.gen/sources_1/bd/System/ipshared/8c55/hdl/axi_register_slice_v2_1_rfs.v:3721]
INFO: [Synth 8-6157] synthesizing module 'axi_infrastructure_v1_1_0_axi2vector' [/home/alexander-armitage/Documents/GitHub/AURA-FPGA/Vivado/build/System_Design/System_Design.gen/sources_1/bd/System/ipshared/ec67/hdl/axi_infrastructure_v1_1_vl_rfs.v:59]
INFO: [Synth 8-6155] done synthesizing module 'axi_infrastructure_v1_1_0_axi2vector' (0#1) [/home/alexander-armitage/Documents/GitHub/AURA-FPGA/Vivado/build/System_Design/System_Design.gen/sources_1/bd/System/ipshared/ec67/hdl/axi_infrastructure_v1_1_vl_rfs.v:59]
INFO: [Synth 8-6157] synthesizing module 'axi_infrastructure_v1_1_0_vector2axi' [/home/alexander-armitage/Documents/GitHub/AURA-FPGA/Vivado/build/System_Design/System_Design.gen/sources_1/bd/System/ipshared/ec67/hdl/axi_infrastructure_v1_1_vl_rfs.v:473]
INFO: [Synth 8-6155] done synthesizing module 'axi_infrastructure_v1_1_0_vector2axi' (0#1) [/home/alexander-armitage/Documents/GitHub/AURA-FPGA/Vivado/build/System_Design/System_Design.gen/sources_1/bd/System/ipshared/ec67/hdl/axi_infrastructure_v1_1_vl_rfs.v:473]
INFO: [Synth 8-6157] synthesizing module 'axi_register_slice_v2_1_37_axic_register_slice' [/home/alexander-armitage/Documents/GitHub/AURA-FPGA/Vivado/build/System_Design/System_Design.gen/sources_1/bd/System/ipshared/8c55/hdl/axi_register_slice_v2_1_rfs.v:1492]
INFO: [Synth 8-6155] done synthesizing module 'axi_register_slice_v2_1_37_axic_register_slice' (0#1) [/home/alexander-armitage/Documents/GitHub/AURA-FPGA/Vivado/build/System_Design/System_Design.gen/sources_1/bd/System/ipshared/8c55/hdl/axi_register_slice_v2_1_rfs.v:1492]
INFO: [Synth 8-6157] synthesizing module 'axi_register_slice_v2_1_37_axic_register_slice__parameterized0' [/home/alexander-armitage/Documents/GitHub/AURA-FPGA/Vivado/build/System_Design/System_Design.gen/sources_1/bd/System/ipshared/8c55/hdl/axi_register_slice_v2_1_rfs.v:1492]
INFO: [Synth 8-6155] done synthesizing module 'axi_register_slice_v2_1_37_axic_register_slice__parameterized0' (0#1) [/home/alexander-armitage/Documents/GitHub/AURA-FPGA/Vivado/build/System_Design/System_Design.gen/sources_1/bd/System/ipshared/8c55/hdl/axi_register_slice_v2_1_rfs.v:1492]
INFO: [Synth 8-6157] synthesizing module 'axi_register_slice_v2_1_37_axic_register_slice__parameterized1' [/home/alexander-armitage/Documents/GitHub/AURA-FPGA/Vivado/build/System_Design/System_Design.gen/sources_1/bd/System/ipshared/8c55/hdl/axi_register_slice_v2_1_rfs.v:1492]
INFO: [Synth 8-6155] done synthesizing module 'axi_register_slice_v2_1_37_axic_register_slice__parameterized1' (0#1) [/home/alexander-armitage/Documents/GitHub/AURA-FPGA/Vivado/build/System_Design/System_Design.gen/sources_1/bd/System/ipshared/8c55/hdl/axi_register_slice_v2_1_rfs.v:1492]
INFO: [Synth 8-6157] synthesizing module 'axi_register_slice_v2_1_37_axic_register_slice__parameterized2' [/home/alexander-armitage/Documents/GitHub/AURA-FPGA/Vivado/build/System_Design/System_Design.gen/sources_1/bd/System/ipshared/8c55/hdl/axi_register_slice_v2_1_rfs.v:1492]
INFO: [Synth 8-6155] done synthesizing module 'axi_register_slice_v2_1_37_axic_register_slice__parameterized2' (0#1) [/home/alexander-armitage/Documents/GitHub/AURA-FPGA/Vivado/build/System_Design/System_Design.gen/sources_1/bd/System/ipshared/8c55/hdl/axi_register_slice_v2_1_rfs.v:1492]
INFO: [Synth 8-6155] done synthesizing module 'axi_register_slice_v2_1_37_axi_register_slice' (0#1) [/home/alexander-armitage/Documents/GitHub/AURA-FPGA/Vivado/build/System_Design/System_Design.gen/sources_1/bd/System/ipshared/8c55/hdl/axi_register_slice_v2_1_rfs.v:3721]
INFO: [Synth 8-7071] port 'aclk2x' of module 'axi_register_slice_v2_1_37_axi_register_slice' is unconnected for instance 'SI_REG' [/home/alexander-armitage/Documents/GitHub/AURA-FPGA/Vivado/build/System_Design/System_Design.gen/sources_1/bd/System/ipshared/b706/hdl/axi_protocol_converter_v2_1_vl_rfs.v:4871]
INFO: [Synth 8-7023] instance 'SI_REG' of module 'axi_register_slice_v2_1_37_axi_register_slice' has 93 connections declared, but only 92 given [/home/alexander-armitage/Documents/GitHub/AURA-FPGA/Vivado/build/System_Design/System_Design.gen/sources_1/bd/System/ipshared/b706/hdl/axi_protocol_converter_v2_1_vl_rfs.v:4871]
INFO: [Synth 8-6157] synthesizing module 'axi_register_slice_v2_1_37_axi_register_slice__parameterized0' [/home/alexander-armitage/Documents/GitHub/AURA-FPGA/Vivado/build/System_Design/System_Design.gen/sources_1/bd/System/ipshared/8c55/hdl/axi_register_slice_v2_1_rfs.v:3721]
INFO: [Synth 8-6157] synthesizing module 'axi_infrastructure_v1_1_0_axi2vector__parameterized0' [/home/alexander-armitage/Documents/GitHub/AURA-FPGA/Vivado/build/System_Design/System_Design.gen/sources_1/bd/System/ipshared/ec67/hdl/axi_infrastructure_v1_1_vl_rfs.v:59]
INFO: [Synth 8-6155] done synthesizing module 'axi_infrastructure_v1_1_0_axi2vector__parameterized0' (0#1) [/home/alexander-armitage/Documents/GitHub/AURA-FPGA/Vivado/build/System_Design/System_Design.gen/sources_1/bd/System/ipshared/ec67/hdl/axi_infrastructure_v1_1_vl_rfs.v:59]
INFO: [Synth 8-6157] synthesizing module 'axi_infrastructure_v1_1_0_vector2axi__parameterized0' [/home/alexander-armitage/Documents/GitHub/AURA-FPGA/Vivado/build/System_Design/System_Design.gen/sources_1/bd/System/ipshared/ec67/hdl/axi_infrastructure_v1_1_vl_rfs.v:473]
INFO: [Synth 8-6155] done synthesizing module 'axi_infrastructure_v1_1_0_vector2axi__parameterized0' (0#1) [/home/alexander-armitage/Documents/GitHub/AURA-FPGA/Vivado/build/System_Design/System_Design.gen/sources_1/bd/System/ipshared/ec67/hdl/axi_infrastructure_v1_1_vl_rfs.v:473]
INFO: [Synth 8-6157] synthesizing module 'axi_register_slice_v2_1_37_axic_register_slice__parameterized3' [/home/alexander-armitage/Documents/GitHub/AURA-FPGA/Vivado/build/System_Design/System_Design.gen/sources_1/bd/System/ipshared/8c55/hdl/axi_register_slice_v2_1_rfs.v:1492]
INFO: [Synth 8-6155] done synthesizing module 'axi_register_slice_v2_1_37_axic_register_slice__parameterized3' (0#1) [/home/alexander-armitage/Documents/GitHub/AURA-FPGA/Vivado/build/System_Design/System_Design.gen/sources_1/bd/System/ipshared/8c55/hdl/axi_register_slice_v2_1_rfs.v:1492]
INFO: [Synth 8-6157] synthesizing module 'axi_register_slice_v2_1_37_axic_register_slice__parameterized4' [/home/alexander-armitage/Documents/GitHub/AURA-FPGA/Vivado/build/System_Design/System_Design.gen/sources_1/bd/System/ipshared/8c55/hdl/axi_register_slice_v2_1_rfs.v:1492]
INFO: [Synth 8-6155] done synthesizing module 'axi_register_slice_v2_1_37_axic_register_slice__parameterized4' (0#1) [/home/alexander-armitage/Documents/GitHub/AURA-FPGA/Vivado/build/System_Design/System_Design.gen/sources_1/bd/System/ipshared/8c55/hdl/axi_register_slice_v2_1_rfs.v:1492]
INFO: [Synth 8-6157] synthesizing module 'axi_register_slice_v2_1_37_axic_register_slice__parameterized5' [/home/alexander-armitage/Documents/GitHub/AURA-FPGA/Vivado/build/System_Design/System_Design.gen/sources_1/bd/System/ipshared/8c55/hdl/axi_register_slice_v2_1_rfs.v:1492]
INFO: [Synth 8-6155] done synthesizing module 'axi_register_slice_v2_1_37_axic_register_slice__parameterized5' (0#1) [/home/alexander-armitage/Documents/GitHub/AURA-FPGA/Vivado/build/System_Design/System_Design.gen/sources_1/bd/System/ipshared/8c55/hdl/axi_register_slice_v2_1_rfs.v:1492]
INFO: [Synth 8-6157] synthesizing module 'axi_register_slice_v2_1_37_axic_register_slice__parameterized6' [/home/alexander-armitage/Documents/GitHub/AURA-FPGA/Vivado/build/System_Design/System_Design.gen/sources_1/bd/System/ipshared/8c55/hdl/axi_register_slice_v2_1_rfs.v:1492]
INFO: [Synth 8-6155] done synthesizing module 'axi_register_slice_v2_1_37_axic_register_slice__parameterized6' (0#1) [/home/alexander-armitage/Documents/GitHub/AURA-FPGA/Vivado/build/System_Design/System_Design.gen/sources_1/bd/System/ipshared/8c55/hdl/axi_register_slice_v2_1_rfs.v:1492]
INFO: [Synth 8-6155] done synthesizing module 'axi_register_slice_v2_1_37_axi_register_slice__parameterized0' (0#1) [/home/alexander-armitage/Documents/GitHub/AURA-FPGA/Vivado/build/System_Design/System_Design.gen/sources_1/bd/System/ipshared/8c55/hdl/axi_register_slice_v2_1_rfs.v:3721]
INFO: [Synth 8-7071] port 'aclk2x' of module 'axi_register_slice_v2_1_37_axi_register_slice' is unconnected for instance 'MI_REG' [/home/alexander-armitage/Documents/GitHub/AURA-FPGA/Vivado/build/System_Design/System_Design.gen/sources_1/bd/System/ipshared/b706/hdl/axi_protocol_converter_v2_1_vl_rfs.v:5126]
INFO: [Synth 8-7023] instance 'MI_REG' of module 'axi_register_slice_v2_1_37_axi_register_slice' has 93 connections declared, but only 92 given [/home/alexander-armitage/Documents/GitHub/AURA-FPGA/Vivado/build/System_Design/System_Design.gen/sources_1/bd/System/ipshared/b706/hdl/axi_protocol_converter_v2_1_vl_rfs.v:5126]
INFO: [Synth 8-6155] done synthesizing module 'axi_protocol_converter_v2_1_38_b2s' (0#1) [/home/alexander-armitage/Documents/GitHub/AURA-FPGA/Vivado/build/System_Design/System_Design.gen/sources_1/bd/System/ipshared/b706/hdl/axi_protocol_converter_v2_1_vl_rfs.v:4704]
INFO: [Synth 8-6155] done synthesizing module 'axi_protocol_converter_v2_1_38_axi_protocol_converter' (0#1) [/home/alexander-armitage/Documents/GitHub/AURA-FPGA/Vivado/build/System_Design/System_Design.gen/sources_1/bd/System/ipshared/b706/hdl/axi_protocol_converter_v2_1_vl_rfs.v:5285]
INFO: [Synth 8-6155] done synthesizing module 'System_microblaze_0_axi_periph_imp_auto_pc_4' (0#1) [/home/alexander-armitage/Documents/GitHub/AURA-FPGA/Vivado/build/System_Design/System_Design.gen/sources_1/bd/System/ip/System_microblaze_0_axi_periph_imp_auto_pc_4/synth/System_microblaze_0_axi_periph_imp_auto_pc_4.v:53]
INFO: [Synth 8-6014] Unused sequential element state_r1_reg was removed.  [/home/alexander-armitage/Documents/GitHub/AURA-FPGA/Vivado/build/System_Design/System_Design.gen/sources_1/bd/System/ipshared/b706/hdl/axi_protocol_converter_v2_1_vl_rfs.v:3596]
INFO: [Synth 8-6014] Unused sequential element s_arlen_r_reg was removed.  [/home/alexander-armitage/Documents/GitHub/AURA-FPGA/Vivado/build/System_Design/System_Design.gen/sources_1/bd/System/ipshared/b706/hdl/axi_protocol_converter_v2_1_vl_rfs.v:3597]
INFO: [Synth 8-7129] Port ACLK in module axi_register_slice_v2_1_37_axic_register_slice__parameterized6 is either unconnected or has no load
INFO: [Synth 8-7129] Port ARESET in module axi_register_slice_v2_1_37_axic_register_slice__parameterized6 is either unconnected or has no load
INFO: [Synth 8-7129] Port ACLK in module axi_register_slice_v2_1_37_axic_register_slice__parameterized3 is either unconnected or has no load
INFO: [Synth 8-7129] Port ARESET in module axi_register_slice_v2_1_37_axic_register_slice__parameterized3 is either unconnected or has no load
INFO: [Synth 8-7129] Port ACLK in module axi_register_slice_v2_1_37_axic_register_slice__parameterized5 is either unconnected or has no load
INFO: [Synth 8-7129] Port ARESET in module axi_register_slice_v2_1_37_axic_register_slice__parameterized5 is either unconnected or has no load
INFO: [Synth 8-7129] Port ACLK in module axi_register_slice_v2_1_37_axic_register_slice__parameterized4 is either unconnected or has no load
INFO: [Synth 8-7129] Port ARESET in module axi_register_slice_v2_1_37_axic_register_slice__parameterized4 is either unconnected or has no load
INFO: [Synth 8-7129] Port m_axi_bid[0] in module axi_infrastructure_v1_1_0_vector2axi__parameterized0 is either unconnected or has no load
INFO: [Synth 8-7129] Port m_axi_buser[0] in module axi_infrastructure_v1_1_0_vector2axi__parameterized0 is either unconnected or has no load
INFO: [Synth 8-7129] Port m_axi_rid[0] in module axi_infrastructure_v1_1_0_vector2axi__parameterized0 is either unconnected or has no load
INFO: [Synth 8-7129] Port m_axi_rlast in module axi_infrastructure_v1_1_0_vector2axi__parameterized0 is either unconnected or has no load
INFO: [Synth 8-7129] Port m_axi_ruser[0] in module axi_infrastructure_v1_1_0_vector2axi__parameterized0 is either unconnected or has no load
INFO: [Synth 8-7129] Port s_axi_awid[0] in module axi_infrastructure_v1_1_0_axi2vector__parameterized0 is either unconnected or has no load
INFO: [Synth 8-7129] Port s_axi_awlen[7] in module axi_infrastructure_v1_1_0_axi2vector__parameterized0 is either unconnected or has no load
INFO: [Synth 8-7129] Port s_axi_awlen[6] in module axi_infrastructure_v1_1_0_axi2vector__parameterized0 is either unconnected or has no load
INFO: [Synth 8-7129] Port s_axi_awlen[5] in module axi_infrastructure_v1_1_0_axi2vector__parameterized0 is either unconnected or has no load
INFO: [Synth 8-7129] Port s_axi_awlen[4] in module axi_infrastructure_v1_1_0_axi2vector__parameterized0 is either unconnected or has no load
INFO: [Synth 8-7129] Port s_axi_awlen[3] in module axi_infrastructure_v1_1_0_axi2vector__parameterized0 is either unconnected or has no load
INFO: [Synth 8-7129] Port s_axi_awlen[2] in module axi_infrastructure_v1_1_0_axi2vector__parameterized0 is either unconnected or has no load
INFO: [Synth 8-7129] Port s_axi_awlen[1] in module axi_infrastructure_v1_1_0_axi2vector__parameterized0 is either unconnected or has no load
INFO: [Synth 8-7129] Port s_axi_awlen[0] in module axi_infrastructure_v1_1_0_axi2vector__parameterized0 is either unconnected or has no load
INFO: [Synth 8-7129] Port s_axi_awsize[2] in module axi_infrastructure_v1_1_0_axi2vector__parameterized0 is either unconnected or has no load
INFO: [Synth 8-7129] Port s_axi_awsize[1] in module axi_infrastructure_v1_1_0_axi2vector__parameterized0 is either unconnected or has no load
INFO: [Synth 8-7129] Port s_axi_awsize[0] in module axi_infrastructure_v1_1_0_axi2vector__parameterized0 is either unconnected or has no load
INFO: [Synth 8-7129] Port s_axi_awburst[1] in module axi_infrastructure_v1_1_0_axi2vector__parameterized0 is either unconnected or has no load
INFO: [Synth 8-7129] Port s_axi_awburst[0] in module axi_infrastructure_v1_1_0_axi2vector__parameterized0 is either unconnected or has no load
INFO: [Synth 8-7129] Port s_axi_awlock[0] in module axi_infrastructure_v1_1_0_axi2vector__parameterized0 is either unconnected or has no load
INFO: [Synth 8-7129] Port s_axi_awcache[3] in module axi_infrastructure_v1_1_0_axi2vector__parameterized0 is either unconnected or has no load
INFO: [Synth 8-7129] Port s_axi_awcache[2] in module axi_infrastructure_v1_1_0_axi2vector__parameterized0 is either unconnected or has no load
INFO: [Synth 8-7129] Port s_axi_awcache[1] in module axi_infrastructure_v1_1_0_axi2vector__parameterized0 is either unconnected or has no load
INFO: [Synth 8-7129] Port s_axi_awcache[0] in module axi_infrastructure_v1_1_0_axi2vector__parameterized0 is either unconnected or has no load
INFO: [Synth 8-7129] Port s_axi_awregion[3] in module axi_infrastructure_v1_1_0_axi2vector__parameterized0 is either unconnected or has no load
INFO: [Synth 8-7129] Port s_axi_awregion[2] in module axi_infrastructure_v1_1_0_axi2vector__parameterized0 is either unconnected or has no load
INFO: [Synth 8-7129] Port s_axi_awregion[1] in module axi_infrastructure_v1_1_0_axi2vector__parameterized0 is either unconnected or has no load
INFO: [Synth 8-7129] Port s_axi_awregion[0] in module axi_infrastructure_v1_1_0_axi2vector__parameterized0 is either unconnected or has no load
INFO: [Synth 8-7129] Port s_axi_awqos[3] in module axi_infrastructure_v1_1_0_axi2vector__parameterized0 is either unconnected or has no load
INFO: [Synth 8-7129] Port s_axi_awqos[2] in module axi_infrastructure_v1_1_0_axi2vector__parameterized0 is either unconnected or has no load
INFO: [Synth 8-7129] Port s_axi_awqos[1] in module axi_infrastructure_v1_1_0_axi2vector__parameterized0 is either unconnected or has no load
INFO: [Synth 8-7129] Port s_axi_awqos[0] in module axi_infrastructure_v1_1_0_axi2vector__parameterized0 is either unconnected or has no load
INFO: [Synth 8-7129] Port s_axi_awuser[0] in module axi_infrastructure_v1_1_0_axi2vector__parameterized0 is either unconnected or has no load
INFO: [Synth 8-7129] Port s_axi_wid[0] in module axi_infrastructure_v1_1_0_axi2vector__parameterized0 is either unconnected or has no load
INFO: [Synth 8-7129] Port s_axi_wlast in module axi_infrastructure_v1_1_0_axi2vector__parameterized0 is either unconnected or has no load
INFO: [Synth 8-7129] Port s_axi_wuser[0] in module axi_infrastructure_v1_1_0_axi2vector__parameterized0 is either unconnected or has no load
INFO: [Synth 8-7129] Port s_axi_arid[0] in module axi_infrastructure_v1_1_0_axi2vector__parameterized0 is either unconnected or has no load
INFO: [Synth 8-7129] Port s_axi_arlen[7] in module axi_infrastructure_v1_1_0_axi2vector__parameterized0 is either unconnected or has no load
INFO: [Synth 8-7129] Port s_axi_arlen[6] in module axi_infrastructure_v1_1_0_axi2vector__parameterized0 is either unconnected or has no load
INFO: [Synth 8-7129] Port s_axi_arlen[5] in module axi_infrastructure_v1_1_0_axi2vector__parameterized0 is either unconnected or has no load
INFO: [Synth 8-7129] Port s_axi_arlen[4] in module axi_infrastructure_v1_1_0_axi2vector__parameterized0 is either unconnected or has no load
INFO: [Synth 8-7129] Port s_axi_arlen[3] in module axi_infrastructure_v1_1_0_axi2vector__parameterized0 is either unconnected or has no load
INFO: [Synth 8-7129] Port s_axi_arlen[2] in module axi_infrastructure_v1_1_0_axi2vector__parameterized0 is either unconnected or has no load
INFO: [Synth 8-7129] Port s_axi_arlen[1] in module axi_infrastructure_v1_1_0_axi2vector__parameterized0 is either unconnected or has no load
INFO: [Synth 8-7129] Port s_axi_arlen[0] in module axi_infrastructure_v1_1_0_axi2vector__parameterized0 is either unconnected or has no load
INFO: [Synth 8-7129] Port s_axi_arsize[2] in module axi_infrastructure_v1_1_0_axi2vector__parameterized0 is either unconnected or has no load
INFO: [Synth 8-7129] Port s_axi_arsize[1] in module axi_infrastructure_v1_1_0_axi2vector__parameterized0 is either unconnected or has no load
INFO: [Synth 8-7129] Port s_axi_arsize[0] in module axi_infrastructure_v1_1_0_axi2vector__parameterized0 is either unconnected or has no load
INFO: [Synth 8-7129] Port s_axi_arburst[1] in module axi_infrastructure_v1_1_0_axi2vector__parameterized0 is either unconnected or has no load
INFO: [Synth 8-7129] Port s_axi_arburst[0] in module axi_infrastructure_v1_1_0_axi2vector__parameterized0 is either unconnected or has no load
INFO: [Synth 8-7129] Port s_axi_arlock[0] in module axi_infrastructure_v1_1_0_axi2vector__parameterized0 is either unconnected or has no load
INFO: [Synth 8-7129] Port s_axi_arcache[3] in module axi_infrastructure_v1_1_0_axi2vector__parameterized0 is either unconnected or has no load
INFO: [Synth 8-7129] Port s_axi_arcache[2] in module axi_infrastructure_v1_1_0_axi2vector__parameterized0 is either unconnected or has no load
INFO: [Synth 8-7129] Port s_axi_arcache[1] in module axi_infrastructure_v1_1_0_axi2vector__parameterized0 is either unconnected or has no load
INFO: [Synth 8-7129] Port s_axi_arcache[0] in module axi_infrastructure_v1_1_0_axi2vector__parameterized0 is either unconnected or has no load
INFO: [Synth 8-7129] Port s_axi_arregion[3] in module axi_infrastructure_v1_1_0_axi2vector__parameterized0 is either unconnected or has no load
INFO: [Synth 8-7129] Port s_axi_arregion[2] in module axi_infrastructure_v1_1_0_axi2vector__parameterized0 is either unconnected or has no load
INFO: [Synth 8-7129] Port s_axi_arregion[1] in module axi_infrastructure_v1_1_0_axi2vector__parameterized0 is either unconnected or has no load
INFO: [Synth 8-7129] Port s_axi_arregion[0] in module axi_infrastructure_v1_1_0_axi2vector__parameterized0 is either unconnected or has no load
INFO: [Synth 8-7129] Port s_axi_arqos[3] in module axi_infrastructure_v1_1_0_axi2vector__parameterized0 is either unconnected or has no load
INFO: [Synth 8-7129] Port s_axi_arqos[2] in module axi_infrastructure_v1_1_0_axi2vector__parameterized0 is either unconnected or has no load
INFO: [Synth 8-7129] Port s_axi_arqos[1] in module axi_infrastructure_v1_1_0_axi2vector__parameterized0 is either unconnected or has no load
INFO: [Synth 8-7129] Port s_axi_arqos[0] in module axi_infrastructure_v1_1_0_axi2vector__parameterized0 is either unconnected or has no load
INFO: [Synth 8-7129] Port s_axi_aruser[0] in module axi_infrastructure_v1_1_0_axi2vector__parameterized0 is either unconnected or has no load
INFO: [Synth 8-7129] Port aclk2x in module axi_register_slice_v2_1_37_axi_register_slice__parameterized0 is either unconnected or has no load
INFO: [Synth 8-7129] Port ACLK in module axi_register_slice_v2_1_37_axic_register_slice__parameterized0 is either unconnected or has no load
INFO: [Synth 8-7129] Port ARESET in module axi_register_slice_v2_1_37_axic_register_slice__parameterized0 is either unconnected or has no load
INFO: [Synth 8-7129] Port m_axi_buser[0] in module axi_infrastructure_v1_1_0_vector2axi is either unconnected or has no load
INFO: [Synth 8-7129] Port m_axi_ruser[0] in module axi_infrastructure_v1_1_0_vector2axi is either unconnected or has no load
INFO: [Synth 8-7129] Port s_axi_awuser[0] in module axi_infrastructure_v1_1_0_axi2vector is either unconnected or has no load
INFO: [Synth 8-7129] Port s_axi_wid[2] in module axi_infrastructure_v1_1_0_axi2vector is either unconnected or has no load
INFO: [Synth 8-7129] Port s_axi_wid[1] in module axi_infrastructure_v1_1_0_axi2vector is either unconnected or has no load
INFO: [Synth 8-7129] Port s_axi_wid[0] in module axi_infrastructure_v1_1_0_axi2vector is either unconnected or has no load
INFO: [Synth 8-7129] Port s_axi_wuser[0] in module axi_infrastructure_v1_1_0_axi2vector is either unconnected or has no load
INFO: [Synth 8-7129] Port s_axi_aruser[0] in module axi_infrastructure_v1_1_0_axi2vector is either unconnected or has no load
INFO: [Synth 8-7129] Port aclk2x in module axi_register_slice_v2_1_37_axi_register_slice is either unconnected or has no load
INFO: [Synth 8-7129] Port s_arlen[7] in module axi_protocol_converter_v2_1_38_b2s_rd_cmd_fsm is either unconnected or has no load
INFO: [Synth 8-7129] Port s_arlen[6] in module axi_protocol_converter_v2_1_38_b2s_rd_cmd_fsm is either unconnected or has no load
INFO: [Synth 8-7129] Port s_arlen[5] in module axi_protocol_converter_v2_1_38_b2s_rd_cmd_fsm is either unconnected or has no load
INFO: [Synth 8-7129] Port s_arlen[4] in module axi_protocol_converter_v2_1_38_b2s_rd_cmd_fsm is either unconnected or has no load
INFO: [Synth 8-7129] Port s_arlen[3] in module axi_protocol_converter_v2_1_38_b2s_rd_cmd_fsm is either unconnected or has no load
INFO: [Synth 8-7129] Port s_arlen[2] in module axi_protocol_converter_v2_1_38_b2s_rd_cmd_fsm is either unconnected or has no load
INFO: [Synth 8-7129] Port s_arlen[1] in module axi_protocol_converter_v2_1_38_b2s_rd_cmd_fsm is either unconnected or has no load
INFO: [Synth 8-7129] Port s_arlen[0] in module axi_protocol_converter_v2_1_38_b2s_rd_cmd_fsm is either unconnected or has no load
INFO: [Synth 8-7129] Port axlen[7] in module axi_protocol_converter_v2_1_38_b2s_wrap_cmd is either unconnected or has no load
INFO: [Synth 8-7129] Port axlen[6] in module axi_protocol_converter_v2_1_38_b2s_wrap_cmd is either unconnected or has no load
INFO: [Synth 8-7129] Port axlen[5] in module axi_protocol_converter_v2_1_38_b2s_wrap_cmd is either unconnected or has no load
INFO: [Synth 8-7129] Port axlen[4] in module axi_protocol_converter_v2_1_38_b2s_wrap_cmd is either unconnected or has no load
INFO: [Synth 8-7129] Port axsize[2] in module axi_protocol_converter_v2_1_38_b2s_wrap_cmd is either unconnected or has no load
INFO: [Synth 8-7129] Port axsize[2] in module axi_protocol_converter_v2_1_38_b2s_incr_cmd is either unconnected or has no load
INFO: [Synth 8-7129] Port b_resp_rdy in module axi_protocol_converter_v2_1_38_b2s_b_channel is either unconnected or has no load
INFO: [Synth 8-7129] Port s_axi_awlock[0] in module axi_protocol_converter_v2_1_38_axi_protocol_converter is either unconnected or has no load
INFO: [Common 17-14] Message 'Synth 8-7129' appears 100 times and further instances of the messages will be disabled. Use the Tcl command set_msg_config to change the current settings.
---------------------------------------------------------------------------------
Finished RTL Elaboration : Time (s): cpu = 00:00:13 ; elapsed = 00:00:15 . Memory (MB): peak = 2590.324 ; gain = 730.086 ; free physical = 9580 ; free virtual = 22964
---------------------------------------------------------------------------------
---------------------------------------------------------------------------------
Start Handling Custom Attributes
---------------------------------------------------------------------------------
---------------------------------------------------------------------------------
Finished Handling Custom Attributes : Time (s): cpu = 00:00:13 ; elapsed = 00:00:15 . Memory (MB): peak = 2590.324 ; gain = 730.086 ; free physical = 9542 ; free virtual = 22926
---------------------------------------------------------------------------------
---------------------------------------------------------------------------------
Finished RTL Optimization Phase 1 : Time (s): cpu = 00:00:13 ; elapsed = 00:00:15 . Memory (MB): peak = 2590.324 ; gain = 730.086 ; free physical = 9542 ; free virtual = 22926
---------------------------------------------------------------------------------
Netlist sorting complete. Time (s): cpu = 00:00:00.02 ; elapsed = 00:00:00.03 . Memory (MB): peak = 2590.324 ; gain = 0.000 ; free physical = 9504 ; free virtual = 22913
INFO: [Project 1-570] Preparing netlist for logic optimization

Processing XDC Constraints
Initializing timing engine
Parsing XDC File [/home/alexander-armitage/Documents/GitHub/AURA-FPGA/Vivado/build/System_Design/System_Design.gen/sources_1/bd/System/ip/System_microblaze_0_axi_periph_imp_auto_pc_4/System_microblaze_0_axi_periph_imp_auto_pc_4_ooc.xdc] for cell 'inst'
Finished Parsing XDC File [/home/alexander-armitage/Documents/GitHub/AURA-FPGA/Vivado/build/System_Design/System_Design.gen/sources_1/bd/System/ip/System_microblaze_0_axi_periph_imp_auto_pc_4/System_microblaze_0_axi_periph_imp_auto_pc_4_ooc.xdc] for cell 'inst'
Parsing XDC File [/home/alexander-armitage/Documents/GitHub/AURA-FPGA/Vivado/build/System_Design/System_Design.runs/System_microblaze_0_axi_periph_imp_auto_pc_4_synth_1/dont_touch.xdc]
Finished Parsing XDC File [/home/alexander-armitage/Documents/GitHub/AURA-FPGA/Vivado/build/System_Design/System_Design.runs/System_microblaze_0_axi_periph_imp_auto_pc_4_synth_1/dont_touch.xdc]
Completed Processing XDC Constraints

Netlist sorting complete. Time (s): cpu = 00:00:00 ; elapsed = 00:00:00 . Memory (MB): peak = 2637.977 ; gain = 0.000 ; free physical = 9371 ; free virtual = 22807
INFO: [Project 1-111] Unisim Transformation Summary:
No Unisim elements were transformed.

Constraint Validation Runtime : Time (s): cpu = 00:00:00.09 ; elapsed = 00:00:00.05 . Memory (MB): peak = 2638.012 ; gain = 0.000 ; free physical = 9368 ; free virtual = 22806
INFO: [Designutils 20-5008] Incremental synthesis strategy off
---------------------------------------------------------------------------------
Finished Constraint Validation : Time (s): cpu = 00:00:26 ; elapsed = 00:00:28 . Memory (MB): peak = 2638.012 ; gain = 777.773 ; free physical = 8893 ; free virtual = 22387
---------------------------------------------------------------------------------
---------------------------------------------------------------------------------
Start Loading Part and Timing Information
---------------------------------------------------------------------------------
Loading part: xc7a35tftg256-2
---------------------------------------------------------------------------------
Finished Loading Part and Timing Information : Time (s): cpu = 00:00:26 ; elapsed = 00:00:28 . Memory (MB): peak = 2645.980 ; gain = 785.742 ; free physical = 8893 ; free virtual = 22387
---------------------------------------------------------------------------------
---------------------------------------------------------------------------------
Start Applying 'set_property' XDC Constraints
---------------------------------------------------------------------------------
---------------------------------------------------------------------------------
Finished applying 'set_property' XDC Constraints : Time (s): cpu = 00:00:26 ; elapsed = 00:00:28 . Memory (MB): peak = 2645.980 ; gain = 785.742 ; free physical = 8893 ; free virtual = 22387
---------------------------------------------------------------------------------
INFO: [Synth 8-802] inferred FSM for state register 'state_reg' in module 'axi_protocol_converter_v2_1_38_b2s_wr_cmd_fsm'
INFO: [Synth 8-802] inferred FSM for state register 'state_reg' in module 'axi_protocol_converter_v2_1_38_b2s_rd_cmd_fsm'
---------------------------------------------------------------------------------------------------
                   State |                     New Encoding |                Previous Encoding 
---------------------------------------------------------------------------------------------------
                 SM_IDLE |                               01 |                               00
               SM_CMD_EN |                               11 |                               01
         SM_CMD_ACCEPTED |                               10 |                               10
            SM_DONE_WAIT |                               00 |                               11
---------------------------------------------------------------------------------------------------
INFO: [Synth 8-3354] encoded FSM with state register 'state_reg' using encoding 'sequential' in module 'axi_protocol_converter_v2_1_38_b2s_wr_cmd_fsm'
---------------------------------------------------------------------------------------------------
                   State |                     New Encoding |                Previous Encoding 
---------------------------------------------------------------------------------------------------
                 SM_IDLE |                               01 |                               00
               SM_CMD_EN |                               11 |                               01
         SM_CMD_ACCEPTED |                               10 |                               10
                 SM_DONE |                               00 |                               11
---------------------------------------------------------------------------------------------------
INFO: [Synth 8-3354] encoded FSM with state register 'state_reg' using encoding 'sequential' in module 'axi_protocol_converter_v2_1_38_b2s_rd_cmd_fsm'
---------------------------------------------------------------------------------
Finished RTL Optimization Phase 2 : Time (s): cpu = 00:00:27 ; elapsed = 00:00:29 . Memory (MB): peak = 2645.980 ; gain = 785.742 ; free physical = 8887 ; free virtual = 22385
---------------------------------------------------------------------------------
---------------------------------------------------------------------------------
Start RTL Component Statistics 
---------------------------------------------------------------------------------
---------------------------------------------------------------------------------
Finished RTL Component Statistics 
---------------------------------------------------------------------------------
---------------------------------------------------------------------------------
Start Part Resource Summary
---------------------------------------------------------------------------------
Part Resources:
DSPs: 90 (col length:60)
BRAMs: 100 (col length: RAMB18 60 RAMB36 30)
---------------------------------------------------------------------------------
Finished Part Resource Summary
---------------------------------------------------------------------------------
---------------------------------------------------------------------------------
Start Cross Boundary and Area Optimization
---------------------------------------------------------------------------------
INFO: [Synth 8-3936] Found unconnected internal register 'gen_axilite.gen_b2s_conv.axilite_b2s/SI_REG/aw.aw_pipe/m_payload_i_reg' and it is trimmed from '64' to '56' bits. [/home/alexander-armitage/Documents/GitHub/AURA-FPGA/Vivado/build/System_Design/System_Design.gen/sources_1/bd/System/ipshared/8c55/hdl/axi_register_slice_v2_1_rfs.v:1726]
INFO: [Synth 8-3936] Found unconnected internal register 'gen_axilite.gen_b2s_conv.axilite_b2s/SI_REG/ar.ar_pipe/m_payload_i_reg' and it is trimmed from '64' to '56' bits. [/home/alexander-armitage/Documents/GitHub/AURA-FPGA/Vivado/build/System_Design/System_Design.gen/sources_1/bd/System/ipshared/8c55/hdl/axi_register_slice_v2_1_rfs.v:1726]
---------------------------------------------------------------------------------
Finished Cross Boundary and Area Optimization : Time (s): cpu = 00:00:30 ; elapsed = 00:00:32 . Memory (MB): peak = 2645.980 ; gain = 785.742 ; free physical = 8770 ; free virtual = 22278
---------------------------------------------------------------------------------
---------------------------------------------------------------------------------
Start Applying XDC Timing Constraints
---------------------------------------------------------------------------------
---------------------------------------------------------------------------------
Finished Applying XDC Timing Constraints : Time (s): cpu = 00:00:36 ; elapsed = 00:00:38 . Memory (MB): peak = 2676.980 ; gain = 816.742 ; free physical = 8343 ; free virtual = 21837
---------------------------------------------------------------------------------
---------------------------------------------------------------------------------
Start Timing Optimization
---------------------------------------------------------------------------------
---------------------------------------------------------------------------------
Finished Timing Optimization : Time (s): cpu = 00:00:37 ; elapsed = 00:00:39 . Memory (MB): peak = 2715.582 ; gain = 855.344 ; free physical = 8412 ; free virtual = 21794
---------------------------------------------------------------------------------
---------------------------------------------------------------------------------
Start Technology Mapping
---------------------------------------------------------------------------------
---------------------------------------------------------------------------------
Finished Technology Mapping : Time (s): cpu = 00:00:38 ; elapsed = 00:00:40 . Memory (MB): peak = 2732.605 ; gain = 872.367 ; free physical = 8380 ; free virtual = 21762
---------------------------------------------------------------------------------
---------------------------------------------------------------------------------
Start IO Insertion
---------------------------------------------------------------------------------
---------------------------------------------------------------------------------
Start Flattening Before IO Insertion
---------------------------------------------------------------------------------
---------------------------------------------------------------------------------
Finished Flattening Before IO Insertion
---------------------------------------------------------------------------------
---------------------------------------------------------------------------------
Start Final Netlist Cleanup
---------------------------------------------------------------------------------
---------------------------------------------------------------------------------
Finished Final Netlist Cleanup
---------------------------------------------------------------------------------
---------------------------------------------------------------------------------
Finished IO Insertion : Time (s): cpu = 00:00:42 ; elapsed = 00:00:44 . Memory (MB): peak = 2909.418 ; gain = 1049.180 ; free physical = 9690 ; free virtual = 23117
---------------------------------------------------------------------------------
---------------------------------------------------------------------------------
Start Renaming Generated Instances
---------------------------------------------------------------------------------
---------------------------------------------------------------------------------
Finished Renaming Generated Instances : Time (s): cpu = 00:00:42 ; elapsed = 00:00:44 . Memory (MB): peak = 2909.418 ; gain = 1049.180 ; free physical = 9690 ; free virtual = 23117
---------------------------------------------------------------------------------
---------------------------------------------------------------------------------
Start Rebuilding User Hierarchy
---------------------------------------------------------------------------------
---------------------------------------------------------------------------------
Finished Rebuilding User Hierarchy : Time (s): cpu = 00:00:42 ; elapsed = 00:00:44 . Memory (MB): peak = 2909.418 ; gain = 1049.180 ; free physical = 9690 ; free virtual = 23117
---------------------------------------------------------------------------------
---------------------------------------------------------------------------------
Start Renaming Generated Ports
---------------------------------------------------------------------------------
---------------------------------------------------------------------------------
Finished Renaming Generated Ports : Time (s): cpu = 00:00:42 ; elapsed = 00:00:44 . Memory (MB): peak = 2909.418 ; gain = 1049.180 ; free physical = 9690 ; free virtual = 23117
---------------------------------------------------------------------------------
---------------------------------------------------------------------------------
Start Handling Custom Attributes
---------------------------------------------------------------------------------
---------------------------------------------------------------------------------
Finished Handling Custom Attributes : Time (s): cpu = 00:00:42 ; elapsed = 00:00:44 . Memory (MB): peak = 2909.418 ; gain = 1049.180 ; free physical = 9690 ; free virtual = 23117
---------------------------------------------------------------------------------
---------------------------------------------------------------------------------
Start Renaming Generated Nets
---------------------------------------------------------------------------------
---------------------------------------------------------------------------------
Finished Renaming Generated Nets : Time (s): cpu = 00:00:42 ; elapsed = 00:00:44 . Memory (MB): peak = 2909.418 ; gain = 1049.180 ; free physical = 9690 ; free virtual = 23117
---------------------------------------------------------------------------------
---------------------------------------------------------------------------------
Start Writing Synthesis Report
---------------------------------------------------------------------------------

Report BlackBoxes: 
+-+--------------+----------+
| |BlackBox name |Instances |
+-+--------------+----------+
+-+--------------+----------+

Report Cell Usage: 
+------+--------+------+
|      |Cell    |Count |
+------+--------+------+
|1     |CARRY4  |    18|
|2     |LUT1    |     5|
|3     |LUT2    |    17|
|4     |LUT3    |   211|
|5     |LUT4    |    40|
|6     |LUT5    |    70|
|7     |LUT6    |   121|
|8     |SRL16E  |    13|
|9     |SRLC32E |    38|
|10    |FDRE    |   469|
|11    |FDSE    |    16|
+------+--------+------+
---------------------------------------------------------------------------------
Finished Writing Synthesis Report : Time (s): cpu = 00:00:42 ; elapsed = 00:00:44 . Memory (MB): peak = 2909.418 ; gain = 1049.180 ; free physical = 9690 ; free virtual = 23117
---------------------------------------------------------------------------------
Synthesis finished with 0 errors, 0 critical warnings and 0 warnings.
Synthesis Optimization Runtime : Time (s): cpu = 00:00:39 ; elapsed = 00:00:41 . Memory (MB): peak = 2909.418 ; gain = 1001.492 ; free physical = 9687 ; free virtual = 23114
Synthesis Optimization Complete : Time (s): cpu = 00:00:42 ; elapsed = 00:00:44 . Memory (MB): peak = 2909.426 ; gain = 1049.180 ; free physical = 9687 ; free virtual = 23114
INFO: [Project 1-571] Translating synthesized netlist
Netlist sorting complete. Time (s): cpu = 00:00:00.01 ; elapsed = 00:00:00 . Memory (MB): peak = 2909.426 ; gain = 0.000 ; free physical = 9664 ; free virtual = 23091
INFO: [Netlist 29-17] Analyzing 18 Unisim elements for replacement
INFO: [Netlist 29-28] Unisim Transformation completed in 0 CPU seconds
INFO: [Project 1-570] Preparing netlist for logic optimization
INFO: [Opt 31-138] Pushed 0 inverter(s) to 0 load pin(s).
Netlist sorting complete. Time (s): cpu = 00:00:00 ; elapsed = 00:00:00 . Memory (MB): peak = 2965.445 ; gain = 0.000 ; free physical = 10048 ; free virtual = 23488
INFO: [Project 1-111] Unisim Transformation Summary:
No Unisim elements were transformed.

Synth Design complete | Checksum: e821b13d
INFO: [Common 17-83] Releasing license: Vivado_Synthesis
191 Infos, 0 Warnings, 0 Critical Warnings and 0 Errors encountered.
synth_design completed successfully
synth_design: Time (s): cpu = 00:00:52 ; elapsed = 00:00:50 . Memory (MB): peak = 2965.480 ; gain = 1247.422 ; free physical = 11624 ; free virtual = 25065
INFO: [Common 17-2834] synth_design peak Physical Memory [PSS] (MB): overall = 1729.183; main = 1729.183; forked = 178.503
INFO: [Common 17-2834] synth_design peak Virtual Memory [VSS] (MB): overall = 3771.551; main = 2965.449; forked = 1038.941
Write ShapeDB Complete: Time (s): cpu = 00:00:00.01 ; elapsed = 00:00:00 . Memory (MB): peak = 2989.457 ; gain = 0.000 ; free physical = 11627 ; free virtual = 25068
INFO: [Common 17-1381] The checkpoint '/home/alexander-armitage/Documents/GitHub/AURA-FPGA/Vivado/build/System_Design/System_Design.runs/System_microblaze_0_axi_periph_imp_auto_pc_4_synth_1/System_microblaze_0_axi_periph_imp_auto_pc_4.dcp' has been generated.
INFO: [Ipptcl 7-1612] Added synthesis output to IP cache for IP System_microblaze_0_axi_periph_imp_auto_pc_4, cache-ID = 8f277f5d48d9e4ba
INFO: [Coretcl 2-1174] Renamed 23 cell refs.
Write ShapeDB Complete: Time (s): cpu = 00:00:00 ; elapsed = 00:00:00 . Memory (MB): peak = 2989.457 ; gain = 0.000 ; free physical = 12105 ; free virtual = 25540
INFO: [Common 17-1381] The checkpoint '/home/alexander-armitage/Documents/GitHub/AURA-FPGA/Vivado/build/System_Design/System_Design.runs/System_microblaze_0_axi_periph_imp_auto_pc_4_synth_1/System_microblaze_0_axi_periph_imp_auto_pc_4.dcp' has been generated.
INFO: [Vivado 12-24828] Executing command : report_utilization -file System_microblaze_0_axi_periph_imp_auto_pc_4_utilization_synth.rpt -pb System_microblaze_0_axi_periph_imp_auto_pc_4_utilization_synth.pb
INFO: [Common 17-206] Exiting Vivado at Sun Aug  9 20:30:05 2026...
