Copyright 1986-2022 Xilinx, Inc. All Rights Reserved. Copyright 2022-2026 Advanced Micro Devices, Inc. All Rights Reserved.
---------------------------------------------------------------------------------------------------------------------------------------------
| Tool Version : Vivado v.2026.1 (lin64) Build 6511674 Tue Jun 16 11:01:26 MDT 2026
| Date         : Sun Aug  9 22:13:47 2026
| Host         : alexander-armitage-XPS-9320 running 64-bit Ubuntu 26.04 LTS
| Command      : report_drc -file System_wrapper_drc_routed.rpt -pb System_wrapper_drc_routed.pb -rpx System_wrapper_drc_routed.rpx
| Design       : System_wrapper
| Device       : xc7a35tftg256-2
| Speed File   : -2
| Design State : Fully Routed
---------------------------------------------------------------------------------------------------------------------------------------------

Report DRC

Table of Contents
-----------------
1. REPORT SUMMARY
2. REPORT DETAILS

1. REPORT SUMMARY
-----------------
            Netlist: netlist
          Floorplan: design_1
      Design limits: <entire design considered>
           Ruledeck: default
             Max checks: <unlimited>
             Checks found: 5
+-----------+----------+-----------------------------------------------------+--------+
| Rule      | Severity | Description                                         | Checks |
+-----------+----------+-----------------------------------------------------+--------+
| BUFC-1    | Warning  | Input Buffer Connections                            | 2      |
| CFGBVS-1  | Warning  | Missing CFGBVS and CONFIG_VOLTAGE Design Properties | 1      |
| REQP-1709 | Warning  | Clock output buffering                              | 1      |
| RTSTAT-10 | Warning  | No routable loads                                   | 1      |
+-----------+----------+-----------------------------------------------------+--------+

2. REPORT DETAILS
-----------------
BUFC-1#1 Warning
Input Buffer Connections  
Input buffer System_i/mig_7series_0/u_System_mig_7series_0_0_mig/u_memc_ui_top_axi/mem_intfc0/ddr_phy_top0/u_ddr_mc_phy_wrapper/gen_dqs_iobuf_HR.gen_dqs_iobuf[0].gen_dqs_diff.u_iobuf_dqs/IBUFDS_0 (in System_i/mig_7series_0/u_System_mig_7series_0_0_mig/u_memc_ui_top_axi/mem_intfc0/ddr_phy_top0/u_ddr_mc_phy_wrapper/gen_dqs_iobuf_HR.gen_dqs_iobuf[0].gen_dqs_diff.u_iobuf_dqs macro) has no loads. It is recommended to have an input buffer drive an internal load.
Related violations: <none>

BUFC-1#2 Warning
Input Buffer Connections  
Input buffer System_i/mig_7series_0/u_System_mig_7series_0_0_mig/u_memc_ui_top_axi/mem_intfc0/ddr_phy_top0/u_ddr_mc_phy_wrapper/gen_dqs_iobuf_HR.gen_dqs_iobuf[1].gen_dqs_diff.u_iobuf_dqs/IBUFDS_0 (in System_i/mig_7series_0/u_System_mig_7series_0_0_mig/u_memc_ui_top_axi/mem_intfc0/ddr_phy_top0/u_ddr_mc_phy_wrapper/gen_dqs_iobuf_HR.gen_dqs_iobuf[1].gen_dqs_diff.u_iobuf_dqs macro) has no loads. It is recommended to have an input buffer drive an internal load.
Related violations: <none>

CFGBVS-1#1 Warning
Missing CFGBVS and CONFIG_VOLTAGE Design Properties  
Neither the CFGBVS nor CONFIG_VOLTAGE voltage property is set in the current_design.  Configuration bank voltage select (CFGBVS) must be set to VCCO or GND, and CONFIG_VOLTAGE must be set to the correct configuration voltage, in order to determine the I/O voltage support for the pins in bank 0.  It is suggested to specify these either using the 'Edit Device Properties' function in the GUI or directly in the XDC file using the following syntax:

 set_property CFGBVS value1 [current_design]
 #where value1 is either VCCO or GND

 set_property CONFIG_VOLTAGE value2 [current_design]
 #where value2 is the voltage provided to configuration bank 0

Refer to the device configuration user guide for more information.
Related violations: <none>

REQP-1709#1 Warning
Clock output buffering  
PLLE2_ADV connectivity violation. The signal System_i/mig_7series_0/u_System_mig_7series_0_0_mig/u_ddr3_infrastructure/pll_clk3_out on the System_i/mig_7series_0/u_System_mig_7series_0_0_mig/u_ddr3_infrastructure/plle2_i/CLKOUT3 pin of System_i/mig_7series_0/u_System_mig_7series_0_0_mig/u_ddr3_infrastructure/plle2_i does not drive the same kind of BUFFER load as the other CLKOUT pins. Routing from the different buffer types will not be phase aligned.
Related violations: <none>

RTSTAT-10#1 Warning
No routable loads  
30 net(s) have no routable loads. The problem bus(es) and/or net(s) are SPI_0_0_ss_iobuf_0/O,
System_i/microblaze_0_axi_periph/m05_couplers/auto_pc/inst/gen_axilite.gen_b2s_conv.axilite_b2s/SI_REG/ar.ar_pipe/m_axi_araddr[0],
System_i/microblaze_0_axi_periph/m05_couplers/auto_pc/inst/gen_axilite.gen_b2s_conv.axilite_b2s/SI_REG/ar.ar_pipe/m_axi_araddr[1],
System_i/microblaze_0_axi_periph/m05_couplers/auto_pc/inst/gen_axilite.gen_b2s_conv.axilite_b2s/SI_REG/aw.aw_pipe/m_axi_awaddr[0],
System_i/microblaze_0_axi_periph/m05_couplers/auto_pc/inst/gen_axilite.gen_b2s_conv.axilite_b2s/SI_REG/aw.aw_pipe/m_axi_awaddr[1],
System_i/microblaze_0_axi_periph/xbar/inst/gen_samd.crossbar_samd/gen_master_slots[5].gen_mi_write.wdata_mux_w/gen_wmux.mux_w/m_axi_wdata[10],
System_i/microblaze_0_axi_periph/xbar/inst/gen_samd.crossbar_samd/gen_master_slots[5].gen_mi_write.wdata_mux_w/gen_wmux.mux_w/m_axi_wdata[11],
System_i/microblaze_0_axi_periph/xbar/inst/gen_samd.crossbar_samd/gen_master_slots[5].gen_mi_write.wdata_mux_w/gen_wmux.mux_w/m_axi_wdata[12],
System_i/microblaze_0_axi_periph/xbar/inst/gen_samd.crossbar_samd/gen_master_slots[5].gen_mi_write.wdata_mux_w/gen_wmux.mux_w/m_axi_wdata[13],
System_i/microblaze_0_axi_periph/xbar/inst/gen_samd.crossbar_samd/gen_master_slots[5].gen_mi_write.wdata_mux_w/gen_wmux.mux_w/m_axi_wdata[14],
System_i/microblaze_0_axi_periph/xbar/inst/gen_samd.crossbar_samd/gen_master_slots[5].gen_mi_write.wdata_mux_w/gen_wmux.mux_w/m_axi_wdata[15],
System_i/microblaze_0_axi_periph/xbar/inst/gen_samd.crossbar_samd/gen_master_slots[5].gen_mi_write.wdata_mux_w/gen_wmux.mux_w/m_axi_wdata[16],
System_i/microblaze_0_axi_periph/xbar/inst/gen_samd.crossbar_samd/gen_master_slots[5].gen_mi_write.wdata_mux_w/gen_wmux.mux_w/m_axi_wdata[17],
System_i/microblaze_0_axi_periph/xbar/inst/gen_samd.crossbar_samd/gen_master_slots[5].gen_mi_write.wdata_mux_w/gen_wmux.mux_w/m_axi_wdata[18],
System_i/microblaze_0_axi_periph/xbar/inst/gen_samd.crossbar_samd/gen_master_slots[5].gen_mi_write.wdata_mux_w/gen_wmux.mux_w/m_axi_wdata[19]
 (the first 15 of 27 listed).
Related violations: <none>


