Copyright 1986-2022 Xilinx, Inc. All Rights Reserved. Copyright 2022-2026 Advanced Micro Devices, Inc. All Rights Reserved.
---------------------------------------------------------------------------------------------------------------------------------------------
| Tool Version : Vivado v.2026.1 (lin64) Build 6511674 Tue Jun 16 11:01:26 MDT 2026
| Date         : Sun Aug  9 22:13:59 2026
| Host         : alexander-armitage-XPS-9320 running 64-bit Ubuntu 26.04 LTS
| Command      : report_clock_utilization -file System_wrapper_clock_utilization_routed.rpt
| Design       : System_wrapper
| Device       : 7a35t-ftg256
| Speed File   : -2  PRODUCTION 1.23 2018-06-13
| Design State : Routed
---------------------------------------------------------------------------------------------------------------------------------------------

Clock Utilization Report

Table of Contents
-----------------
1. Clock Primitive Utilization
2. Global Clock Resources
3. Global Clock Source Details
4. Local Clock Details
5. Clock Regions: Key Resource Utilization
6. Clock Regions : Global Clock Summary
7. Device Cell Placement Summary for Global Clock g0
8. Device Cell Placement Summary for Global Clock g1
9. Device Cell Placement Summary for Global Clock g2
10. Device Cell Placement Summary for Global Clock g3
11. Device Cell Placement Summary for Global Clock g4
12. Device Cell Placement Summary for Global Clock g5
13. Device Cell Placement Summary for Global Clock g6
14. Device Cell Placement Summary for Global Clock g7
15. Device Cell Placement Summary for Global Clock g8
16. Device Cell Placement Summary for Global Clock g9
17. Clock Region Cell Placement per Global Clock: Region X0Y0
18. Clock Region Cell Placement per Global Clock: Region X1Y0
19. Clock Region Cell Placement per Global Clock: Region X0Y1
20. Clock Region Cell Placement per Global Clock: Region X1Y1
21. Clock Region Cell Placement per Global Clock: Region X0Y2

1. Clock Primitive Utilization
------------------------------

+----------+------+-----------+-----+--------------+--------+
| Type     | Used | Available | LOC | Clock Region | Pblock |
+----------+------+-----------+-----+--------------+--------+
| BUFGCTRL |    9 |        32 |   0 |            0 |      0 |
| BUFH     |    1 |        72 |   0 |            0 |      0 |
| BUFIO    |    0 |        20 |   0 |            0 |      0 |
| BUFMR    |    0 |        10 |   0 |            0 |      0 |
| BUFR     |    0 |        20 |   0 |            0 |      0 |
| MMCM     |    2 |         5 |   1 |            0 |      0 |
| PLL      |    1 |         5 |   1 |            0 |      0 |
+----------+------+-----------+-----+--------------+--------+


2. Global Clock Resources
-------------------------

+-----------+-----------+-----------------+------------+----------------+--------------+-------------------+-------------+-----------------+--------------+----------------------------------------------------------+---------------------------------------------------------------------------------------------+------------------------------------------------------------------------------------+
| Global Id | Source Id | Driver Type/Pin | Constraint | Site           | Clock Region | Load Clock Region | Clock Loads | Non-Clock Loads | Clock Period | Clock                                                    | Driver Pin                                                                                  | Net                                                                                |
+-----------+-----------+-----------------+------------+----------------+--------------+-------------------+-------------+-----------------+--------------+----------------------------------------------------------+---------------------------------------------------------------------------------------------+------------------------------------------------------------------------------------+
| g0        | src0      | BUFG/O          | None       | BUFGCTRL_X0Y16 | n/a          |                 5 |       13732 |               0 |       10.000 | clk_pll_i                                                | System_i/mig_7series_0/u_System_mig_7series_0_0_mig/u_ddr3_infrastructure/u_bufg_clkdiv0/O  | System_i/mig_7series_0/u_System_mig_7series_0_0_mig/u_ddr3_infrastructure/CLK      |
| g1        | src1      | BUFG/O          | None       | BUFGCTRL_X0Y1  | n/a          |                 2 |         235 |               0 |       33.333 | System_i/mdm_1/U0/Use_E2.BSCAN_I/Use_E2.BSCANE2_I/DRCK   | System_i/mdm_1/U0/No_Dbg_Reg_Access.BUFG_DRCK/Using_FPGA.Native/O                           | System_i/mdm_1/U0/No_Dbg_Reg_Access.BUFG_DRCK/Dbg_Clk_0                            |
| g2        | src2      | BUFG/O          | None       | BUFGCTRL_X0Y0  | n/a          |                 1 |          63 |               0 |        5.000 | clk_out2_System_clk_wiz_0_0                              | System_i/clk_wiz_0/inst/clkout2_buf/O                                                       | System_i/clk_wiz_0/inst/clk_out2                                                   |
| g3        | src3      | BUFG/O          | None       | BUFGCTRL_X0Y19 | n/a          |                 1 |          59 |               1 |       40.000 | MII_0_tx_clk                                             | System_i/axi_ethernetlite_0/U0/NO_LOOPBACK_GEN.INCLUDE_BUFG_GEN.CLOCK_BUFG_TX/O             | System_i/axi_ethernetlite_0/U0/phy_tx_clk_core                                     |
| g4        | src4      | BUFG/O          | None       | BUFGCTRL_X0Y20 | n/a          |                 1 |          59 |               1 |       40.000 | MII_1_tx_clk                                             | System_i/axi_ethernetlite_1/U0/NO_LOOPBACK_GEN.INCLUDE_BUFG_GEN.CLOCK_BUFG_TX/O             | System_i/axi_ethernetlite_1/U0/phy_tx_clk_core                                     |
| g5        | src5      | BUFG/O          | None       | BUFGCTRL_X0Y17 | n/a          |                 1 |          57 |               0 |       40.000 | MII_0_rx_clk                                             | System_i/axi_ethernetlite_0/U0/NO_LOOPBACK_GEN.INCLUDE_BUFG_GEN.CLOCK_BUFG_RX/O             | System_i/axi_ethernetlite_0/U0/dest_clk                                            |
| g6        | src6      | BUFG/O          | None       | BUFGCTRL_X0Y18 | n/a          |                 1 |          57 |               0 |       40.000 | MII_1_rx_clk                                             | System_i/axi_ethernetlite_1/U0/NO_LOOPBACK_GEN.INCLUDE_BUFG_GEN.CLOCK_BUFG_RX/O             | System_i/axi_ethernetlite_1/U0/dest_clk                                            |
| g7        | src7      | BUFG/O          | None       | BUFGCTRL_X0Y2  | n/a          |                 1 |          39 |               1 |       33.333 | System_i/mdm_1/U0/Use_E2.BSCAN_I/Use_E2.BSCANE2_I/UPDATE | System_i/mdm_1/U0/Use_E2.BSCAN_I/Dbg_Update_0_BUFG_inst/O                                   | System_i/mdm_1/U0/Use_E2.BSCAN_I/Dbg_Update_0_BUFG                                 |
| g8        | src8      | BUFG/O          | None       | BUFGCTRL_X0Y3  | n/a          |                 1 |           1 |               0 |       10.000 | clkfbout_System_clk_wiz_0_0                              | System_i/clk_wiz_0/inst/clkf_buf/O                                                          | System_i/clk_wiz_0/inst/clkfbout_buf_System_clk_wiz_0_0                            |
| g9        | src9      | BUFH/O          | None       | BUFHCE_X0Y12   | X0Y1         |                 1 |           1 |               0 |       10.000 | pll_clk3_out                                             | System_i/mig_7series_0/u_System_mig_7series_0_0_mig/u_ddr3_infrastructure/u_bufh_pll_clk3/O | System_i/mig_7series_0/u_System_mig_7series_0_0_mig/u_ddr3_infrastructure/pll_clk3 |
+-----------+-----------+-----------------+------------+----------------+--------------+-------------------+-------------+-----------------+--------------+----------------------------------------------------------+---------------------------------------------------------------------------------------------+------------------------------------------------------------------------------------+
* Clock Loads column represents cell count of net connects that connect to a clock pin. Internal cell leaf pins are not considered
** Non-Clock Loads column represents cell count of non-clock pin loads


3. Global Clock Source Details
------------------------------

+-----------+-----------+---------------------+-----------------+-----------------+--------------+-------------+-----------------+---------------------+----------------------------------------------------------+----------------------------------------------------------------------------------------------------+----------------------------------------------------------------------------------------+
| Source Id | Global Id | Driver Type/Pin     | Constraint      | Site            | Clock Region | Clock Loads | Non-Clock Loads | Source Clock Period | Source Clock                                             | Driver Pin                                                                                         | Net                                                                                    |
+-----------+-----------+---------------------+-----------------+-----------------+--------------+-------------+-----------------+---------------------+----------------------------------------------------------+----------------------------------------------------------------------------------------------------+----------------------------------------------------------------------------------------+
| src0      | g0        | MMCME2_ADV/CLKFBOUT | MMCME2_ADV_X0Y1 | MMCME2_ADV_X0Y1 | X0Y1         |           1 |               0 |              10.000 | clk_pll_i                                                | System_i/mig_7series_0/u_System_mig_7series_0_0_mig/u_ddr3_infrastructure/gen_mmcm.mmcm_i/CLKFBOUT | System_i/mig_7series_0/u_System_mig_7series_0_0_mig/u_ddr3_infrastructure/clk_pll_i    |
| src1      | g1        | BSCANE2/DRCK        | None            | BSCAN_X0Y1      | X0Y0         |           1 |               0 |              33.333 | System_i/mdm_1/U0/Use_E2.BSCAN_I/Use_E2.BSCANE2_I/DRCK   | System_i/mdm_1/U0/Use_E2.BSCAN_I/Use_E2.BSCANE2_I/DRCK                                             | System_i/mdm_1/U0/Use_E2.BSCAN_I/DRCK                                                  |
| src2      | g2        | MMCME2_ADV/CLKOUT1  | None            | MMCME2_ADV_X0Y0 | X0Y0         |           1 |               0 |               5.000 | clk_out2_System_clk_wiz_0_0                              | System_i/clk_wiz_0/inst/mmcm_adv_inst/CLKOUT1                                                      | System_i/clk_wiz_0/inst/clk_out2_System_clk_wiz_0_0                                    |
| src3      | g3        | IBUF/O              | IOB_X1Y72       | IOB_X1Y72       | X1Y1         |           1 |               0 |              40.000 | MII_0_tx_clk                                             | System_i/axi_ethernetlite_0/U0/NO_LOOPBACK_GEN.INCLUDE_BUFG_GEN.TX_IBUF_INST/O                     | System_i/axi_ethernetlite_0/U0/o                                                       |
| src4      | g4        | IBUF/O              | IOB_X1Y78       | IOB_X1Y78       | X1Y1         |           1 |               0 |              40.000 | MII_1_tx_clk                                             | System_i/axi_ethernetlite_1/U0/NO_LOOPBACK_GEN.INCLUDE_BUFG_GEN.TX_IBUF_INST/O                     | System_i/axi_ethernetlite_1/U0/o                                                       |
| src5      | g5        | IBUF/O              | IOB_X1Y74       | IOB_X1Y74       | X1Y1         |           1 |               0 |              40.000 | MII_0_rx_clk                                             | System_i/axi_ethernetlite_0/U0/NO_LOOPBACK_GEN.INCLUDE_BUFG_GEN.RX_IBUF_INST/O                     | System_i/axi_ethernetlite_0/U0/NO_LOOPBACK_GEN.INCLUDE_BUFG_GEN.RX_IBUF_INST_n_0       |
| src6      | g6        | IBUF/O              | IOB_X1Y76       | IOB_X1Y76       | X1Y1         |           1 |               0 |              40.000 | MII_1_rx_clk                                             | System_i/axi_ethernetlite_1/U0/NO_LOOPBACK_GEN.INCLUDE_BUFG_GEN.RX_IBUF_INST/O                     | System_i/axi_ethernetlite_1/U0/NO_LOOPBACK_GEN.INCLUDE_BUFG_GEN.RX_IBUF_INST_n_0       |
| src7      | g7        | BSCANE2/UPDATE      | None            | BSCAN_X0Y1      | X0Y0         |           1 |               0 |              33.333 | System_i/mdm_1/U0/Use_E2.BSCAN_I/Use_E2.BSCANE2_I/UPDATE | System_i/mdm_1/U0/Use_E2.BSCAN_I/Use_E2.BSCANE2_I/UPDATE                                           | System_i/mdm_1/U0/Use_E2.BSCAN_I/Dbg_Update_0                                          |
| src8      | g8        | MMCME2_ADV/CLKFBOUT | None            | MMCME2_ADV_X0Y0 | X0Y0         |           1 |               0 |              10.000 | clkfbout_System_clk_wiz_0_0                              | System_i/clk_wiz_0/inst/mmcm_adv_inst/CLKFBOUT                                                     | System_i/clk_wiz_0/inst/clkfbout_System_clk_wiz_0_0                                    |
| src9      | g9        | PLLE2_ADV/CLKOUT3   | PLLE2_ADV_X0Y1  | PLLE2_ADV_X0Y1  | X0Y1         |           1 |               0 |              10.000 | pll_clk3_out                                             | System_i/mig_7series_0/u_System_mig_7series_0_0_mig/u_ddr3_infrastructure/plle2_i/CLKOUT3          | System_i/mig_7series_0/u_System_mig_7series_0_0_mig/u_ddr3_infrastructure/pll_clk3_out |
+-----------+-----------+---------------------+-----------------+-----------------+--------------+-------------+-----------------+---------------------+----------------------------------------------------------+----------------------------------------------------------------------------------------------------+----------------------------------------------------------------------------------------+
* Clock Loads column represents cell count of net connects that connect to a clock pin. Internal cell leaf pins are not considered
** Non-Clock Loads column represents cell count of non-clock pin loads


4. Local Clock Details
----------------------

+----------+----------------------------+---------------------+------------------------------------+--------------+-------------+-----------------+--------------+---------------+--------------------------------------------------------------------------------------------------------------------------------------------------------------------------------------------------------------------------+-----------------------------------------------------------------------------------------------------------------------------------------------------------------------------------------------------------------------+
| Local Id | Driver Type/Pin            | Constraint          | Site/BEL                           | Clock Region | Clock Loads | Non-Clock Loads | Clock Period | Clock         | Driver Pin                                                                                                                                                                                                               | Net                                                                                                                                                                                                                   |
+----------+----------------------------+---------------------+------------------------------------+--------------+-------------+-----------------+--------------+---------------+--------------------------------------------------------------------------------------------------------------------------------------------------------------------------------------------------------------------------+-----------------------------------------------------------------------------------------------------------------------------------------------------------------------------------------------------------------------+
| 0        | PLLE2_ADV/CLKOUT0          | PLLE2_ADV_X0Y1      | PLLE2_ADV_X0Y1/PLLE2_ADV           | X0Y1         |           5 |               2 |        1.250 | freq_refclk   | System_i/mig_7series_0/u_System_mig_7series_0_0_mig/u_ddr3_infrastructure/plle2_i/CLKOUT0                                                                                                                                | System_i/mig_7series_0/u_System_mig_7series_0_0_mig/u_ddr3_infrastructure/freq_refclk                                                                                                                                 |
| 1        | PHASER_OUT_PHY/OCLKDELAYED | PHASER_OUT_PHY_X0Y4 | PHASER_OUT_PHY_X0Y4/PHASER_OUT_PHY | X0Y1         |           2 |               0 |        2.500 | oserdes_clk   | System_i/mig_7series_0/u_System_mig_7series_0_0_mig/u_memc_ui_top_axi/mem_intfc0/ddr_phy_top0/u_ddr_mc_phy_wrapper/u_ddr_mc_phy/ddr_phy_4lanes_0.u_ddr_phy_4lanes/ddr_byte_lane_A.ddr_byte_lane_A/phaser_out/OCLKDELAYED | System_i/mig_7series_0/u_System_mig_7series_0_0_mig/u_memc_ui_top_axi/mem_intfc0/ddr_phy_top0/u_ddr_mc_phy_wrapper/u_ddr_mc_phy/ddr_phy_4lanes_0.u_ddr_phy_4lanes/ddr_byte_lane_A.ddr_byte_lane_A/oserdes_clk_delayed |
| 2        | PHASER_OUT_PHY/OCLKDELAYED | PHASER_OUT_PHY_X0Y5 | PHASER_OUT_PHY_X0Y5/PHASER_OUT_PHY | X0Y1         |           2 |               0 |        2.500 | oserdes_clk_1 | System_i/mig_7series_0/u_System_mig_7series_0_0_mig/u_memc_ui_top_axi/mem_intfc0/ddr_phy_top0/u_ddr_mc_phy_wrapper/u_ddr_mc_phy/ddr_phy_4lanes_0.u_ddr_phy_4lanes/ddr_byte_lane_B.ddr_byte_lane_B/phaser_out/OCLKDELAYED | System_i/mig_7series_0/u_System_mig_7series_0_0_mig/u_memc_ui_top_axi/mem_intfc0/ddr_phy_top0/u_ddr_mc_phy_wrapper/u_ddr_mc_phy/ddr_phy_4lanes_0.u_ddr_phy_4lanes/ddr_byte_lane_B.ddr_byte_lane_B/oserdes_clk_delayed |
| 3        | PLLE2_ADV/CLKOUT1          | PLLE2_ADV_X0Y1      | PLLE2_ADV_X0Y1/PLLE2_ADV           | X0Y1         |           1 |               6 |        2.500 | mem_refclk    | System_i/mig_7series_0/u_System_mig_7series_0_0_mig/u_ddr3_infrastructure/plle2_i/CLKOUT1                                                                                                                                | System_i/mig_7series_0/u_System_mig_7series_0_0_mig/u_ddr3_infrastructure/mem_refclk                                                                                                                                  |
+----------+----------------------------+---------------------+------------------------------------+--------------+-------------+-----------------+--------------+---------------+--------------------------------------------------------------------------------------------------------------------------------------------------------------------------------------------------------------------------+-----------------------------------------------------------------------------------------------------------------------------------------------------------------------------------------------------------------------+
* Local Clocks in this context represents only clocks driven by non-global buffers
** Clock Loads column represents cell count of net connects that connect to a clock pin. Internal cell leaf pins are not considered
*** Non-Clock Loads column represents cell count of non-clock pin loads


5. Clock Regions: Key Resource Utilization
------------------------------------------

+-------------------+--------------+--------------+--------------+--------------+--------------+--------------+--------------+--------------+--------------+--------------+--------------+--------------+--------------+--------------+--------------+
|                   | Global Clock |     BUFRs    |    BUFMRs    |    BUFIOs    |     MMCM     |      PLL     |      GT      |      PCI     |    ILOGIC    |    OLOGIC    |      FF      |     LUTM     |    RAMB18    |    RAMB36    |    DSP48E2   |
+-------------------+------+-------+------+-------+------+-------+------+-------+------+-------+------+-------+------+-------+------+-------+------+-------+------+-------+------+-------+------+-------+------+-------+------+-------+------+-------+
| Clock Region Name | Used | Avail | Used | Avail | Used | Avail | Used | Avail | Used | Avail | Used | Avail | Used | Avail | Used | Avail | Used | Avail | Used | Avail | Used | Avail | Used | Avail | Used | Avail | Used | Avail | Used | Avail |
+-------------------+------+-------+------+-------+------+-------+------+-------+------+-------+------+-------+------+-------+------+-------+------+-------+------+-------+------+-------+------+-------+------+-------+------+-------+------+-------+
| X0Y0              |    2 |    12 |    0 |     4 |    0 |     2 |    0 |     4 |    1 |     1 |    0 |     1 |    0 |     0 |    0 |     0 |    2 |    50 |    1 |    50 | 3409 |  1200 | 1251 |   400 |    4 |    20 |    3 |    10 |    0 |    20 |
| X1Y0              |    6 |    12 |    0 |     4 |    0 |     2 |    0 |     4 |    0 |     1 |    0 |     1 |    0 |     0 |    0 |     0 |    0 |    50 |    0 |    50 | 4416 |  1500 | 1389 |   450 |    4 |    40 |   15 |    20 |    4 |    20 |
| X0Y1              |    3 |    12 |    0 |     4 |    0 |     2 |    0 |     4 |    1 |     1 |    1 |     1 |    0 |     0 |    0 |     0 |    0 |    50 |    4 |    50 | 2933 |  1200 | 1014 |   400 |    0 |    20 |    1 |    10 |    0 |    20 |
| X1Y1              |    3 |    12 |    0 |     4 |    0 |     2 |    0 |     4 |    0 |     1 |    0 |     1 |    0 |     0 |    0 |     0 |    0 |    50 |    0 |    50 | 2643 |  1500 |  839 |   450 |    0 |    40 |    8 |    20 |    0 |    20 |
| X0Y2              |    1 |    12 |    0 |     4 |    0 |     2 |    0 |     4 |    0 |     1 |    0 |     1 |    0 |     0 |    0 |     0 |    0 |    50 |    0 |    50 |    2 |  1800 |    1 |   400 |    0 |    20 |    0 |    10 |    0 |    20 |
| X1Y2              |    0 |    12 |    0 |     0 |    0 |     0 |    0 |     0 |    0 |     0 |    0 |     0 |    0 |     4 |    0 |     1 |    0 |     0 |    0 |     0 |    0 |   950 |    0 |   300 |    0 |    10 |    0 |     5 |    0 |    20 |
+-------------------+------+-------+------+-------+------+-------+------+-------+------+-------+------+-------+------+-------+------+-------+------+-------+------+-------+------+-------+------+-------+------+-------+------+-------+------+-------+
* Global Clock column represents track count; while other columns represents cell counts


6. Clock Regions : Global Clock Summary
---------------------------------------

All Modules
+----+----+----+
|    | X0 | X1 |
+----+----+----+
| Y2 |  0 |  0 |
| Y1 |  0 |  0 |
| Y0 |  0 |  0 |
+----+----+----+


7. Device Cell Placement Summary for Global Clock g0
----------------------------------------------------

+-----------+-----------------+-------------------+-----------+-------------+---------------+-------------+----------+----------------+----------+-------------------------------------------------------------------------------+
| Global Id | Driver Type/Pin | Driver Region (D) | Clock     | Period (ns) | Waveform (ns) | Slice Loads | IO Loads | Clocking Loads | GT Loads | Net                                                                           |
+-----------+-----------------+-------------------+-----------+-------------+---------------+-------------+----------+----------------+----------+-------------------------------------------------------------------------------+
| g0        | BUFG/O          | n/a               | clk_pll_i |      10.000 | {0.000 5.000} |       13534 |        0 |              1 |        0 | System_i/mig_7series_0/u_System_mig_7series_0_0_mig/u_ddr3_infrastructure/CLK |
+-----------+-----------------+-------------------+-----------+-------------+---------------+-------------+----------+----------------+----------+-------------------------------------------------------------------------------+
* Slice Loads column represents load cell count of all cell types other than IO, GT and clock resources
** IO Loads column represents load cell count of IO types
*** Clocking Loads column represents load cell count that are clock resources (global clock buffer, MMCM, PLL, etc)
**** GT Loads column represents load cell count of GT types


+----+-------+-------+-----------------------+
|    | X0    | X1    | HORIZONTAL PROG DELAY |
+----+-------+-------+-----------------------+
| Y2 |     2 |     0 |                     0 |
| Y1 |  3032 |  2458 |                     0 |
| Y0 |  3682 |  4361 |                     0 |
+----+-------+-------+-----------------------+


8. Device Cell Placement Summary for Global Clock g1
----------------------------------------------------

+-----------+-----------------+-------------------+--------------------------------------------------------+-------------+----------------+-------------+----------+----------------+----------+---------------------------------------------------------+
| Global Id | Driver Type/Pin | Driver Region (D) | Clock                                                  | Period (ns) | Waveform (ns)  | Slice Loads | IO Loads | Clocking Loads | GT Loads | Net                                                     |
+-----------+-----------------+-------------------+--------------------------------------------------------+-------------+----------------+-------------+----------+----------------+----------+---------------------------------------------------------+
| g1        | BUFG/O          | n/a               | System_i/mdm_1/U0/Use_E2.BSCAN_I/Use_E2.BSCANE2_I/DRCK |      33.333 | {0.000 16.667} |         235 |        0 |              0 |        0 | System_i/mdm_1/U0/No_Dbg_Reg_Access.BUFG_DRCK/Dbg_Clk_0 |
+-----------+-----------------+-------------------+--------------------------------------------------------+-------------+----------------+-------------+----------+----------------+----------+---------------------------------------------------------+
* Slice Loads column represents load cell count of all cell types other than IO, GT and clock resources
** IO Loads column represents load cell count of IO types
*** Clocking Loads column represents load cell count that are clock resources (global clock buffer, MMCM, PLL, etc)
**** GT Loads column represents load cell count of GT types


+----+----+------+-----------------------+
|    | X0 | X1   | HORIZONTAL PROG DELAY |
+----+----+------+-----------------------+
| Y2 |  0 |    0 |                     - |
| Y1 |  0 |  227 |                     0 |
| Y0 |  0 |    8 |                     0 |
+----+----+------+-----------------------+


9. Device Cell Placement Summary for Global Clock g2
----------------------------------------------------

+-----------+-----------------+-------------------+-----------------------------+-------------+---------------+-------------+----------+----------------+----------+----------------------------------+
| Global Id | Driver Type/Pin | Driver Region (D) | Clock                       | Period (ns) | Waveform (ns) | Slice Loads | IO Loads | Clocking Loads | GT Loads | Net                              |
+-----------+-----------------+-------------------+-----------------------------+-------------+---------------+-------------+----------+----------------+----------+----------------------------------+
| g2        | BUFG/O          | n/a               | clk_out2_System_clk_wiz_0_0 |       5.000 | {0.000 2.500} |          62 |        0 |              1 |        0 | System_i/clk_wiz_0/inst/clk_out2 |
+-----------+-----------------+-------------------+-----------------------------+-------------+---------------+-------------+----------+----------------+----------+----------------------------------+
* Slice Loads column represents load cell count of all cell types other than IO, GT and clock resources
** IO Loads column represents load cell count of IO types
*** Clocking Loads column represents load cell count that are clock resources (global clock buffer, MMCM, PLL, etc)
**** GT Loads column represents load cell count of GT types


+----+-----+----+-----------------------+
|    | X0  | X1 | HORIZONTAL PROG DELAY |
+----+-----+----+-----------------------+
| Y2 |   0 |  0 |                     - |
| Y1 |  63 |  0 |                     0 |
| Y0 |   0 |  0 |                     - |
+----+-----+----+-----------------------+


10. Device Cell Placement Summary for Global Clock g3
-----------------------------------------------------

+-----------+-----------------+-------------------+--------------+-------------+----------------+-------------+----------+----------------+----------+------------------------------------------------+
| Global Id | Driver Type/Pin | Driver Region (D) | Clock        | Period (ns) | Waveform (ns)  | Slice Loads | IO Loads | Clocking Loads | GT Loads | Net                                            |
+-----------+-----------------+-------------------+--------------+-------------+----------------+-------------+----------+----------------+----------+------------------------------------------------+
| g3        | BUFG/O          | n/a               | MII_0_tx_clk |      40.000 | {0.000 20.000} |          60 |        0 |              0 |        0 | System_i/axi_ethernetlite_0/U0/phy_tx_clk_core |
+-----------+-----------------+-------------------+--------------+-------------+----------------+-------------+----------+----------------+----------+------------------------------------------------+
* Slice Loads column represents load cell count of all cell types other than IO, GT and clock resources
** IO Loads column represents load cell count of IO types
*** Clocking Loads column represents load cell count that are clock resources (global clock buffer, MMCM, PLL, etc)
**** GT Loads column represents load cell count of GT types


+----+----+-----+-----------------------+
|    | X0 | X1  | HORIZONTAL PROG DELAY |
+----+----+-----+-----------------------+
| Y2 |  0 |   0 |                     - |
| Y1 |  0 |   0 |                     - |
| Y0 |  0 |  60 |                     0 |
+----+----+-----+-----------------------+


11. Device Cell Placement Summary for Global Clock g4
-----------------------------------------------------

+-----------+-----------------+-------------------+--------------+-------------+----------------+-------------+----------+----------------+----------+------------------------------------------------+
| Global Id | Driver Type/Pin | Driver Region (D) | Clock        | Period (ns) | Waveform (ns)  | Slice Loads | IO Loads | Clocking Loads | GT Loads | Net                                            |
+-----------+-----------------+-------------------+--------------+-------------+----------------+-------------+----------+----------------+----------+------------------------------------------------+
| g4        | BUFG/O          | n/a               | MII_1_tx_clk |      40.000 | {0.000 20.000} |          60 |        0 |              0 |        0 | System_i/axi_ethernetlite_1/U0/phy_tx_clk_core |
+-----------+-----------------+-------------------+--------------+-------------+----------------+-------------+----------+----------------+----------+------------------------------------------------+
* Slice Loads column represents load cell count of all cell types other than IO, GT and clock resources
** IO Loads column represents load cell count of IO types
*** Clocking Loads column represents load cell count that are clock resources (global clock buffer, MMCM, PLL, etc)
**** GT Loads column represents load cell count of GT types


+----+----+-----+-----------------------+
|    | X0 | X1  | HORIZONTAL PROG DELAY |
+----+----+-----+-----------------------+
| Y2 |  0 |   0 |                     - |
| Y1 |  0 |   0 |                     - |
| Y0 |  0 |  60 |                     0 |
+----+----+-----+-----------------------+


12. Device Cell Placement Summary for Global Clock g5
-----------------------------------------------------

+-----------+-----------------+-------------------+--------------+-------------+----------------+-------------+----------+----------------+----------+-----------------------------------------+
| Global Id | Driver Type/Pin | Driver Region (D) | Clock        | Period (ns) | Waveform (ns)  | Slice Loads | IO Loads | Clocking Loads | GT Loads | Net                                     |
+-----------+-----------------+-------------------+--------------+-------------+----------------+-------------+----------+----------------+----------+-----------------------------------------+
| g5        | BUFG/O          | n/a               | MII_0_rx_clk |      40.000 | {0.000 20.000} |          56 |        0 |              0 |        0 | System_i/axi_ethernetlite_0/U0/dest_clk |
+-----------+-----------------+-------------------+--------------+-------------+----------------+-------------+----------+----------------+----------+-----------------------------------------+
* Slice Loads column represents load cell count of all cell types other than IO, GT and clock resources
** IO Loads column represents load cell count of IO types
*** Clocking Loads column represents load cell count that are clock resources (global clock buffer, MMCM, PLL, etc)
**** GT Loads column represents load cell count of GT types


+----+----+-----+-----------------------+
|    | X0 | X1  | HORIZONTAL PROG DELAY |
+----+----+-----+-----------------------+
| Y2 |  0 |   0 |                     - |
| Y1 |  0 |   0 |                     - |
| Y0 |  0 |  56 |                     0 |
+----+----+-----+-----------------------+


13. Device Cell Placement Summary for Global Clock g6
-----------------------------------------------------

+-----------+-----------------+-------------------+--------------+-------------+----------------+-------------+----------+----------------+----------+-----------------------------------------+
| Global Id | Driver Type/Pin | Driver Region (D) | Clock        | Period (ns) | Waveform (ns)  | Slice Loads | IO Loads | Clocking Loads | GT Loads | Net                                     |
+-----------+-----------------+-------------------+--------------+-------------+----------------+-------------+----------+----------------+----------+-----------------------------------------+
| g6        | BUFG/O          | n/a               | MII_1_rx_clk |      40.000 | {0.000 20.000} |          56 |        0 |              0 |        0 | System_i/axi_ethernetlite_1/U0/dest_clk |
+-----------+-----------------+-------------------+--------------+-------------+----------------+-------------+----------+----------------+----------+-----------------------------------------+
* Slice Loads column represents load cell count of all cell types other than IO, GT and clock resources
** IO Loads column represents load cell count of IO types
*** Clocking Loads column represents load cell count that are clock resources (global clock buffer, MMCM, PLL, etc)
**** GT Loads column represents load cell count of GT types


+----+----+-----+-----------------------+
|    | X0 | X1  | HORIZONTAL PROG DELAY |
+----+----+-----+-----------------------+
| Y2 |  0 |   0 |                     - |
| Y1 |  0 |   0 |                     - |
| Y0 |  0 |  56 |                     0 |
+----+----+-----+-----------------------+


14. Device Cell Placement Summary for Global Clock g7
-----------------------------------------------------

+-----------+-----------------+-------------------+----------------------------------------------------------+-------------+----------------+-------------+----------+----------------+----------+----------------------------------------------------+
| Global Id | Driver Type/Pin | Driver Region (D) | Clock                                                    | Period (ns) | Waveform (ns)  | Slice Loads | IO Loads | Clocking Loads | GT Loads | Net                                                |
+-----------+-----------------+-------------------+----------------------------------------------------------+-------------+----------------+-------------+----------+----------------+----------+----------------------------------------------------+
| g7        | BUFG/O          | n/a               | System_i/mdm_1/U0/Use_E2.BSCAN_I/Use_E2.BSCANE2_I/UPDATE |      33.333 | {0.000 16.667} |          40 |        0 |              0 |        0 | System_i/mdm_1/U0/Use_E2.BSCAN_I/Dbg_Update_0_BUFG |
+-----------+-----------------+-------------------+----------------------------------------------------------+-------------+----------------+-------------+----------+----------------+----------+----------------------------------------------------+
* Slice Loads column represents load cell count of all cell types other than IO, GT and clock resources
** IO Loads column represents load cell count of IO types
*** Clocking Loads column represents load cell count that are clock resources (global clock buffer, MMCM, PLL, etc)
**** GT Loads column represents load cell count of GT types


+----+----+-----+-----------------------+
|    | X0 | X1  | HORIZONTAL PROG DELAY |
+----+----+-----+-----------------------+
| Y2 |  0 |   0 |                     - |
| Y1 |  0 |  40 |                     0 |
| Y0 |  0 |   0 |                     - |
+----+----+-----+-----------------------+


15. Device Cell Placement Summary for Global Clock g8
-----------------------------------------------------

+-----------+-----------------+-------------------+-----------------------------+-------------+---------------+-------------+----------+----------------+----------+---------------------------------------------------------+
| Global Id | Driver Type/Pin | Driver Region (D) | Clock                       | Period (ns) | Waveform (ns) | Slice Loads | IO Loads | Clocking Loads | GT Loads | Net                                                     |
+-----------+-----------------+-------------------+-----------------------------+-------------+---------------+-------------+----------+----------------+----------+---------------------------------------------------------+
| g8        | BUFG/O          | n/a               | clkfbout_System_clk_wiz_0_0 |      10.000 | {0.000 5.000} |           0 |        0 |              1 |        0 | System_i/clk_wiz_0/inst/clkfbout_buf_System_clk_wiz_0_0 |
+-----------+-----------------+-------------------+-----------------------------+-------------+---------------+-------------+----------+----------------+----------+---------------------------------------------------------+
* Slice Loads column represents load cell count of all cell types other than IO, GT and clock resources
** IO Loads column represents load cell count of IO types
*** Clocking Loads column represents load cell count that are clock resources (global clock buffer, MMCM, PLL, etc)
**** GT Loads column represents load cell count of GT types


+----+----+----+-----------------------+
|    | X0 | X1 | HORIZONTAL PROG DELAY |
+----+----+----+-----------------------+
| Y2 |  0 |  0 |                     - |
| Y1 |  0 |  0 |                     - |
| Y0 |  1 |  0 |                     0 |
+----+----+----+-----------------------+


16. Device Cell Placement Summary for Global Clock g9
-----------------------------------------------------

+-----------+-----------------+-------------------+--------------+-------------+---------------+-------------+----------+----------------+----------+------------------------------------------------------------------------------------+
| Global Id | Driver Type/Pin | Driver Region (D) | Clock        | Period (ns) | Waveform (ns) | Slice Loads | IO Loads | Clocking Loads | GT Loads | Net                                                                                |
+-----------+-----------------+-------------------+--------------+-------------+---------------+-------------+----------+----------------+----------+------------------------------------------------------------------------------------+
| g9        | BUFH/O          | X0Y1              | pll_clk3_out |      10.000 | {0.000 5.000} |           0 |        0 |              1 |        0 | System_i/mig_7series_0/u_System_mig_7series_0_0_mig/u_ddr3_infrastructure/pll_clk3 |
+-----------+-----------------+-------------------+--------------+-------------+---------------+-------------+----------+----------------+----------+------------------------------------------------------------------------------------+
* Slice Loads column represents load cell count of all cell types other than IO, GT and clock resources
** IO Loads column represents load cell count of IO types
*** Clocking Loads column represents load cell count that are clock resources (global clock buffer, MMCM, PLL, etc)
**** GT Loads column represents load cell count of GT types


+----+--------+----+-----------------------+
|    | X0     | X1 | HORIZONTAL PROG DELAY |
+----+--------+----+-----------------------+
| Y2 |      0 |  0 |                     - |
| Y1 |  (D) 1 |  0 |                     0 |
| Y0 |      0 |  0 |                     - |
+----+--------+----+-----------------------+


17. Clock Region Cell Placement per Global Clock: Region X0Y0
-------------------------------------------------------------

+-----------+-------+-----------------+------------+-------------+-----------------+------+-------------+------+-----+----+------+-----+---------+-------------------------------------------------------------------------------+
| Global Id | Track | Driver Type/Pin | Constraint | Clock Loads | Non-Clock Loads | FF   | Memory LUTs | RAMB | DSP | GT | MMCM | PLL | Hard IP | Net                                                                           |
+-----------+-------+-----------------+------------+-------------+-----------------+------+-------------+------+-----+----+------+-----+---------+-------------------------------------------------------------------------------+
| g0        | n/a   | BUFG/O          | None       |        3682 |               0 | 3409 |         262 |    7 |   0 |  0 |    0 |   0 |       0 | System_i/mig_7series_0/u_System_mig_7series_0_0_mig/u_ddr3_infrastructure/CLK |
| g8        | n/a   | BUFG/O          | None       |           1 |               0 |    0 |           0 |    0 |   0 |  0 |    1 |   0 |       0 | System_i/clk_wiz_0/inst/clkfbout_buf_System_clk_wiz_0_0                       |
+-----------+-------+-----------------+------------+-------------+-----------------+------+-------------+------+-----+----+------+-----+---------+-------------------------------------------------------------------------------+
* Clock Loads column represents cell count of net connects that connect to a clock pin. Internal cell leaf pins are not considered
** Non-Clock Loads column represents cell count of non-clock pin loads
*** Columns FF, LUTRAM, RAMB through 'Hard IP' represents load cell counts


18. Clock Region Cell Placement per Global Clock: Region X1Y0
-------------------------------------------------------------

+-----------+-------+-----------------+------------+-------------+-----------------+------+-------------+------+-----+----+------+-----+---------+-------------------------------------------------------------------------------+
| Global Id | Track | Driver Type/Pin | Constraint | Clock Loads | Non-Clock Loads | FF   | Memory LUTs | RAMB | DSP | GT | MMCM | PLL | Hard IP | Net                                                                           |
+-----------+-------+-----------------+------------+-------------+-----------------+------+-------------+------+-----+----+------+-----+---------+-------------------------------------------------------------------------------+
| g0        | n/a   | BUFG/O          | None       |        4361 |               0 | 4185 |         149 |   19 |   4 |  0 |    0 |   0 |       0 | System_i/mig_7series_0/u_System_mig_7series_0_0_mig/u_ddr3_infrastructure/CLK |
| g1        | n/a   | BUFG/O          | None       |           8 |               0 |    1 |           7 |    0 |   0 |  0 |    0 |   0 |       0 | System_i/mdm_1/U0/No_Dbg_Reg_Access.BUFG_DRCK/Dbg_Clk_0                       |
| g3        | n/a   | BUFG/O          | None       |          59 |               1 |   60 |           0 |    0 |   0 |  0 |    0 |   0 |       0 | System_i/axi_ethernetlite_0/U0/phy_tx_clk_core                                |
| g4        | n/a   | BUFG/O          | None       |          59 |               1 |   60 |           0 |    0 |   0 |  0 |    0 |   0 |       0 | System_i/axi_ethernetlite_1/U0/phy_tx_clk_core                                |
| g5        | n/a   | BUFG/O          | None       |          56 |               0 |   56 |           0 |    0 |   0 |  0 |    0 |   0 |       0 | System_i/axi_ethernetlite_0/U0/dest_clk                                       |
| g6        | n/a   | BUFG/O          | None       |          56 |               0 |   56 |           0 |    0 |   0 |  0 |    0 |   0 |       0 | System_i/axi_ethernetlite_1/U0/dest_clk                                       |
+-----------+-------+-----------------+------------+-------------+-----------------+------+-------------+------+-----+----+------+-----+---------+-------------------------------------------------------------------------------+
* Clock Loads column represents cell count of net connects that connect to a clock pin. Internal cell leaf pins are not considered
** Non-Clock Loads column represents cell count of non-clock pin loads
*** Columns FF, LUTRAM, RAMB through 'Hard IP' represents load cell counts


19. Clock Region Cell Placement per Global Clock: Region X0Y1
-------------------------------------------------------------

+-----------+-------+-----------------+------------+-------------+-----------------+------+-------------+------+-----+----+------+-----+---------+------------------------------------------------------------------------------------+
| Global Id | Track | Driver Type/Pin | Constraint | Clock Loads | Non-Clock Loads | FF   | Memory LUTs | RAMB | DSP | GT | MMCM | PLL | Hard IP | Net                                                                                |
+-----------+-------+-----------------+------------+-------------+-----------------+------+-------------+------+-----+----+------+-----+---------+------------------------------------------------------------------------------------+
| g0        | n/a   | BUFG/O          | None       |        3032 |               0 | 2873 |         128 |    1 |   0 |  0 |    1 |   0 |       0 | System_i/mig_7series_0/u_System_mig_7series_0_0_mig/u_ddr3_infrastructure/CLK      |
| g2        | n/a   | BUFG/O          | None       |          63 |               0 |   60 |           0 |    0 |   0 |  0 |    0 |   1 |       0 | System_i/clk_wiz_0/inst/clk_out2                                                   |
| g9        | n/a   | BUFH/O          | None       |           1 |               0 |    0 |           0 |    0 |   0 |  0 |    1 |   0 |       0 | System_i/mig_7series_0/u_System_mig_7series_0_0_mig/u_ddr3_infrastructure/pll_clk3 |
+-----------+-------+-----------------+------------+-------------+-----------------+------+-------------+------+-----+----+------+-----+---------+------------------------------------------------------------------------------------+
* Clock Loads column represents cell count of net connects that connect to a clock pin. Internal cell leaf pins are not considered
** Non-Clock Loads column represents cell count of non-clock pin loads
*** Columns FF, LUTRAM, RAMB through 'Hard IP' represents load cell counts


20. Clock Region Cell Placement per Global Clock: Region X1Y1
-------------------------------------------------------------

+-----------+-------+-----------------+------------+-------------+-----------------+------+-------------+------+-----+----+------+-----+---------+-------------------------------------------------------------------------------+
| Global Id | Track | Driver Type/Pin | Constraint | Clock Loads | Non-Clock Loads | FF   | Memory LUTs | RAMB | DSP | GT | MMCM | PLL | Hard IP | Net                                                                           |
+-----------+-------+-----------------+------------+-------------+-----------------+------+-------------+------+-----+----+------+-----+---------+-------------------------------------------------------------------------------+
| g0        | n/a   | BUFG/O          | None       |        2458 |               0 | 2395 |          55 |    8 |   0 |  0 |    0 |   0 |       0 | System_i/mig_7series_0/u_System_mig_7series_0_0_mig/u_ddr3_infrastructure/CLK |
| g1        | n/a   | BUFG/O          | None       |         227 |               0 |  209 |          18 |    0 |   0 |  0 |    0 |   0 |       0 | System_i/mdm_1/U0/No_Dbg_Reg_Access.BUFG_DRCK/Dbg_Clk_0                       |
| g7        | n/a   | BUFG/O          | None       |          39 |               1 |   39 |           0 |    0 |   0 |  0 |    0 |   0 |       0 | System_i/mdm_1/U0/Use_E2.BSCAN_I/Dbg_Update_0_BUFG                            |
+-----------+-------+-----------------+------------+-------------+-----------------+------+-------------+------+-----+----+------+-----+---------+-------------------------------------------------------------------------------+
* Clock Loads column represents cell count of net connects that connect to a clock pin. Internal cell leaf pins are not considered
** Non-Clock Loads column represents cell count of non-clock pin loads
*** Columns FF, LUTRAM, RAMB through 'Hard IP' represents load cell counts


21. Clock Region Cell Placement per Global Clock: Region X0Y2
-------------------------------------------------------------

+-----------+-------+-----------------+------------+-------------+-----------------+----+-------------+------+-----+----+------+-----+---------+-------------------------------------------------------------------------------+
| Global Id | Track | Driver Type/Pin | Constraint | Clock Loads | Non-Clock Loads | FF | Memory LUTs | RAMB | DSP | GT | MMCM | PLL | Hard IP | Net                                                                           |
+-----------+-------+-----------------+------------+-------------+-----------------+----+-------------+------+-----+----+------+-----+---------+-------------------------------------------------------------------------------+
| g0        | n/a   | BUFG/O          | None       |           2 |               0 |  2 |           0 |    0 |   0 |  0 |    0 |   0 |       0 | System_i/mig_7series_0/u_System_mig_7series_0_0_mig/u_ddr3_infrastructure/CLK |
+-----------+-------+-----------------+------------+-------------+-----------------+----+-------------+------+-----+----+------+-----+---------+-------------------------------------------------------------------------------+
* Clock Loads column represents cell count of net connects that connect to a clock pin. Internal cell leaf pins are not considered
** Non-Clock Loads column represents cell count of non-clock pin loads
*** Columns FF, LUTRAM, RAMB through 'Hard IP' represents load cell counts



# Location of BUFG Primitives 
set_property LOC BUFGCTRL_X0Y16 [get_cells System_i/mig_7series_0/u_System_mig_7series_0_0_mig/u_ddr3_infrastructure/u_bufg_clkdiv0]
set_property LOC BUFGCTRL_X0Y2 [get_cells System_i/mdm_1/U0/Use_E2.BSCAN_I/Dbg_Update_0_BUFG_inst]
set_property LOC BUFGCTRL_X0Y1 [get_cells System_i/mdm_1/U0/No_Dbg_Reg_Access.BUFG_DRCK/Using_FPGA.Native]
set_property LOC BUFGCTRL_X0Y3 [get_cells System_i/clk_wiz_0/inst/clkf_buf]
set_property LOC BUFGCTRL_X0Y0 [get_cells System_i/clk_wiz_0/inst/clkout2_buf]
set_property LOC BUFGCTRL_X0Y20 [get_cells System_i/axi_ethernetlite_1/U0/NO_LOOPBACK_GEN.INCLUDE_BUFG_GEN.CLOCK_BUFG_TX]
set_property LOC BUFGCTRL_X0Y18 [get_cells System_i/axi_ethernetlite_1/U0/NO_LOOPBACK_GEN.INCLUDE_BUFG_GEN.CLOCK_BUFG_RX]
set_property LOC BUFGCTRL_X0Y19 [get_cells System_i/axi_ethernetlite_0/U0/NO_LOOPBACK_GEN.INCLUDE_BUFG_GEN.CLOCK_BUFG_TX]
set_property LOC BUFGCTRL_X0Y17 [get_cells System_i/axi_ethernetlite_0/U0/NO_LOOPBACK_GEN.INCLUDE_BUFG_GEN.CLOCK_BUFG_RX]

# Location of BUFH Primitives 
set_property LOC BUFHCE_X0Y12 [get_cells System_i/mig_7series_0/u_System_mig_7series_0_0_mig/u_ddr3_infrastructure/u_bufh_pll_clk3]

# Location of IO Primitives which is load of clock spine

# Location of clock ports
set_property LOC IOB_X1Y74 [get_ports MII_0_rx_clk]
set_property LOC IOB_X1Y72 [get_ports MII_0_tx_clk]
set_property LOC IOB_X1Y76 [get_ports MII_1_rx_clk]
set_property LOC IOB_X1Y78 [get_ports MII_1_tx_clk]
set_property LOC IOB_X0Y24 [get_ports sys_clk]

# Clock net "System_i/mig_7series_0/u_System_mig_7series_0_0_mig/u_ddr3_infrastructure/CLK" driven by instance "System_i/mig_7series_0/u_System_mig_7series_0_0_mig/u_ddr3_infrastructure/u_bufg_clkdiv0" located at site "BUFGCTRL_X0Y16"
#startgroup
create_pblock {CLKAG_System_i/mig_7series_0/u_System_mig_7series_0_0_mig/u_ddr3_infrastructure/CLK}
add_cells_to_pblock [get_pblocks  {CLKAG_System_i/mig_7series_0/u_System_mig_7series_0_0_mig/u_ddr3_infrastructure/CLK}] [get_cells -filter { PRIMITIVE_GROUP != I/O && IS_PRIMITIVE==1 && PRIMITIVE_LEVEL !=INTERNAL && NAME!=System_i/mig_7series_0/u_System_mig_7series_0_0_mig/u_ddr3_infrastructure/gen_mmcm.mmcm_i} -of_object [get_pins -filter {DIRECTION==IN} -of_objects [get_nets -hierarchical -filter {PARENT=="System_i/mig_7series_0/u_System_mig_7series_0_0_mig/u_ddr3_infrastructure/CLK"}]]]
resize_pblock [get_pblocks {CLKAG_System_i/mig_7series_0/u_System_mig_7series_0_0_mig/u_ddr3_infrastructure/CLK}] -add {CLOCKREGION_X0Y0:CLOCKREGION_X0Y0 CLOCKREGION_X0Y1:CLOCKREGION_X0Y1 CLOCKREGION_X0Y2:CLOCKREGION_X0Y2 CLOCKREGION_X1Y0:CLOCKREGION_X1Y0 CLOCKREGION_X1Y1:CLOCKREGION_X1Y1}
#endgroup

# Clock net "System_i/mdm_1/U0/Use_E2.BSCAN_I/Dbg_Update_0_BUFG" driven by instance "System_i/mdm_1/U0/Use_E2.BSCAN_I/Dbg_Update_0_BUFG_inst" located at site "BUFGCTRL_X0Y2"
#startgroup
create_pblock {CLKAG_System_i/mdm_1/U0/Use_E2.BSCAN_I/Dbg_Update_0_BUFG}
add_cells_to_pblock [get_pblocks  {CLKAG_System_i/mdm_1/U0/Use_E2.BSCAN_I/Dbg_Update_0_BUFG}] [get_cells -filter { PRIMITIVE_GROUP != I/O && IS_PRIMITIVE==1 && PRIMITIVE_LEVEL !=INTERNAL } -of_object [get_pins -filter {DIRECTION==IN} -of_objects [get_nets -hierarchical -filter {PARENT=="System_i/mdm_1/U0/Use_E2.BSCAN_I/Dbg_Update_0_BUFG"}]]]
resize_pblock [get_pblocks {CLKAG_System_i/mdm_1/U0/Use_E2.BSCAN_I/Dbg_Update_0_BUFG}] -add {CLOCKREGION_X1Y1:CLOCKREGION_X1Y1}
#endgroup

# Clock net "System_i/mdm_1/U0/No_Dbg_Reg_Access.BUFG_DRCK/Dbg_Clk_0" driven by instance "System_i/mdm_1/U0/No_Dbg_Reg_Access.BUFG_DRCK/Using_FPGA.Native" located at site "BUFGCTRL_X0Y1"
#startgroup
create_pblock {CLKAG_System_i/mdm_1/U0/No_Dbg_Reg_Access.BUFG_DRCK/Dbg_Clk_0}
add_cells_to_pblock [get_pblocks  {CLKAG_System_i/mdm_1/U0/No_Dbg_Reg_Access.BUFG_DRCK/Dbg_Clk_0}] [get_cells -filter { PRIMITIVE_GROUP != I/O && IS_PRIMITIVE==1 && PRIMITIVE_LEVEL !=INTERNAL } -of_object [get_pins -filter {DIRECTION==IN} -of_objects [get_nets -hierarchical -filter {PARENT=="System_i/mdm_1/U0/No_Dbg_Reg_Access.BUFG_DRCK/Dbg_Clk_0"}]]]
resize_pblock [get_pblocks {CLKAG_System_i/mdm_1/U0/No_Dbg_Reg_Access.BUFG_DRCK/Dbg_Clk_0}] -add {CLOCKREGION_X1Y0:CLOCKREGION_X1Y0 CLOCKREGION_X1Y1:CLOCKREGION_X1Y1}
#endgroup

# Clock net "System_i/clk_wiz_0/inst/clk_out2" driven by instance "System_i/clk_wiz_0/inst/clkout2_buf" located at site "BUFGCTRL_X0Y0"
#startgroup
create_pblock {CLKAG_System_i/clk_wiz_0/inst/clk_out2}
add_cells_to_pblock [get_pblocks  {CLKAG_System_i/clk_wiz_0/inst/clk_out2}] [get_cells -filter { PRIMITIVE_GROUP != I/O && IS_PRIMITIVE==1 && PRIMITIVE_LEVEL !=INTERNAL && NAME!=System_i/mig_7series_0/u_System_mig_7series_0_0_mig/u_ddr3_infrastructure/plle2_i} -of_object [get_pins -filter {DIRECTION==IN} -of_objects [get_nets -hierarchical -filter {PARENT=="System_i/clk_wiz_0/inst/clk_out2"}]]]
resize_pblock [get_pblocks {CLKAG_System_i/clk_wiz_0/inst/clk_out2}] -add {CLOCKREGION_X0Y1:CLOCKREGION_X0Y1}
#endgroup

# Clock net "System_i/axi_ethernetlite_1/U0/phy_tx_clk_core" driven by instance "System_i/axi_ethernetlite_1/U0/NO_LOOPBACK_GEN.INCLUDE_BUFG_GEN.CLOCK_BUFG_TX" located at site "BUFGCTRL_X0Y20"
#startgroup
create_pblock {CLKAG_System_i/axi_ethernetlite_1/U0/phy_tx_clk_core}
add_cells_to_pblock [get_pblocks  {CLKAG_System_i/axi_ethernetlite_1/U0/phy_tx_clk_core}] [get_cells -filter { PRIMITIVE_GROUP != I/O && IS_PRIMITIVE==1 && PRIMITIVE_LEVEL !=INTERNAL } -of_object [get_pins -filter {DIRECTION==IN} -of_objects [get_nets -hierarchical -filter {PARENT=="System_i/axi_ethernetlite_1/U0/phy_tx_clk_core"}]]]
resize_pblock [get_pblocks {CLKAG_System_i/axi_ethernetlite_1/U0/phy_tx_clk_core}] -add {CLOCKREGION_X1Y0:CLOCKREGION_X1Y0}
#endgroup

# Clock net "System_i/axi_ethernetlite_1/U0/dest_clk" driven by instance "System_i/axi_ethernetlite_1/U0/NO_LOOPBACK_GEN.INCLUDE_BUFG_GEN.CLOCK_BUFG_RX" located at site "BUFGCTRL_X0Y18"
#startgroup
create_pblock {CLKAG_System_i/axi_ethernetlite_1/U0/dest_clk}
add_cells_to_pblock [get_pblocks  {CLKAG_System_i/axi_ethernetlite_1/U0/dest_clk}] [get_cells -filter { PRIMITIVE_GROUP != I/O && IS_PRIMITIVE==1 && PRIMITIVE_LEVEL !=INTERNAL } -of_object [get_pins -filter {DIRECTION==IN} -of_objects [get_nets -hierarchical -filter {PARENT=="System_i/axi_ethernetlite_1/U0/dest_clk"}]]]
resize_pblock [get_pblocks {CLKAG_System_i/axi_ethernetlite_1/U0/dest_clk}] -add {CLOCKREGION_X1Y0:CLOCKREGION_X1Y0}
#endgroup

# Clock net "System_i/axi_ethernetlite_0/U0/phy_tx_clk_core" driven by instance "System_i/axi_ethernetlite_0/U0/NO_LOOPBACK_GEN.INCLUDE_BUFG_GEN.CLOCK_BUFG_TX" located at site "BUFGCTRL_X0Y19"
#startgroup
create_pblock {CLKAG_System_i/axi_ethernetlite_0/U0/phy_tx_clk_core}
add_cells_to_pblock [get_pblocks  {CLKAG_System_i/axi_ethernetlite_0/U0/phy_tx_clk_core}] [get_cells -filter { PRIMITIVE_GROUP != I/O && IS_PRIMITIVE==1 && PRIMITIVE_LEVEL !=INTERNAL } -of_object [get_pins -filter {DIRECTION==IN} -of_objects [get_nets -hierarchical -filter {PARENT=="System_i/axi_ethernetlite_0/U0/phy_tx_clk_core"}]]]
resize_pblock [get_pblocks {CLKAG_System_i/axi_ethernetlite_0/U0/phy_tx_clk_core}] -add {CLOCKREGION_X1Y0:CLOCKREGION_X1Y0}
#endgroup

# Clock net "System_i/axi_ethernetlite_0/U0/dest_clk" driven by instance "System_i/axi_ethernetlite_0/U0/NO_LOOPBACK_GEN.INCLUDE_BUFG_GEN.CLOCK_BUFG_RX" located at site "BUFGCTRL_X0Y17"
#startgroup
create_pblock {CLKAG_System_i/axi_ethernetlite_0/U0/dest_clk}
add_cells_to_pblock [get_pblocks  {CLKAG_System_i/axi_ethernetlite_0/U0/dest_clk}] [get_cells -filter { PRIMITIVE_GROUP != I/O && IS_PRIMITIVE==1 && PRIMITIVE_LEVEL !=INTERNAL } -of_object [get_pins -filter {DIRECTION==IN} -of_objects [get_nets -hierarchical -filter {PARENT=="System_i/axi_ethernetlite_0/U0/dest_clk"}]]]
resize_pblock [get_pblocks {CLKAG_System_i/axi_ethernetlite_0/U0/dest_clk}] -add {CLOCKREGION_X1Y0:CLOCKREGION_X1Y0}
#endgroup
